Archive member included to satisfy reference by file (symbol)

C:/ST/STM32CubeIDE_1.15.0/STM32CubeIDE/plugins/com.st.stm32cube.ide.mcu.externaltools.gnu-tools-for-stm32.12.3.rel1.win32_1.0.100.202403111256/tools/bin/../lib/gcc/arm-none-eabi/12.3.1/../../../../arm-none-eabi/lib/thumb/v7e-m+dp/hard\libc_nano.a(libc_a-exit.o)
                              C:/ST/STM32CubeIDE_1.15.0/STM32CubeIDE/plugins/com.st.stm32cube.ide.mcu.externaltools.gnu-tools-for-stm32.12.3.rel1.win32_1.0.100.202403111256/tools/bin/../lib/gcc/arm-none-eabi/12.3.1/../../../../arm-none-eabi/lib/thumb/v7e-m+dp/hard/crt0.o (exit)
C:/ST/STM32CubeIDE_1.15.0/STM32CubeIDE/plugins/com.st.stm32cube.ide.mcu.externaltools.gnu-tools-for-stm32.12.3.rel1.win32_1.0.100.202403111256/tools/bin/../lib/gcc/arm-none-eabi/12.3.1/../../../../arm-none-eabi/lib/thumb/v7e-m+dp/hard\libc_nano.a(libc_a-findfp.o)
                              C:/ST/STM32CubeIDE_1.15.0/STM32CubeIDE/plugins/com.st.stm32cube.ide.mcu.externaltools.gnu-tools-for-stm32.12.3.rel1.win32_1.0.100.202403111256/tools/bin/../lib/gcc/arm-none-eabi/12.3.1/../../../../arm-none-eabi/lib/thumb/v7e-m+dp/hard\libc_nano.a(libc_a-exit.o) (__stdio_exit_handler)
C:/ST/STM32CubeIDE_1.15.0/STM32CubeIDE/plugins/com.st.stm32cube.ide.mcu.externaltools.gnu-tools-for-stm32.12.3.rel1.win32_1.0.100.202403111256/tools/bin/../lib/gcc/arm-none-eabi/12.3.1/../../../../arm-none-eabi/lib/thumb/v7e-m+dp/hard\libc_nano.a(libc_a-fwalk.o)
                              C:/ST/STM32CubeIDE_1.15.0/STM32CubeIDE/plugins/com.st.stm32cube.ide.mcu.externaltools.gnu-tools-for-stm32.12.3.rel1.win32_1.0.100.202403111256/tools/bin/../lib/gcc/arm-none-eabi/12.3.1/../../../../arm-none-eabi/lib/thumb/v7e-m+dp/hard\libc_nano.a(libc_a-findfp.o) (_fwalk_sglue)
C:/ST/STM32CubeIDE_1.15.0/STM32CubeIDE/plugins/com.st.stm32cube.ide.mcu.externaltools.gnu-tools-for-stm32.12.3.rel1.win32_1.0.100.202403111256/tools/bin/../lib/gcc/arm-none-eabi/12.3.1/../../../../arm-none-eabi/lib/thumb/v7e-m+dp/hard\libc_nano.a(libc_a-sprintf.o)
                              ./Core/Src/OV5640.o (sprintf)
C:/ST/STM32CubeIDE_1.15.0/STM32CubeIDE/plugins/com.st.stm32cube.ide.mcu.externaltools.gnu-tools-for-stm32.12.3.rel1.win32_1.0.100.202403111256/tools/bin/../lib/gcc/arm-none-eabi/12.3.1/../../../../arm-none-eabi/lib/thumb/v7e-m+dp/hard\libc_nano.a(libc_a-stdio.o)
                              C:/ST/STM32CubeIDE_1.15.0/STM32CubeIDE/plugins/com.st.stm32cube.ide.mcu.externaltools.gnu-tools-for-stm32.12.3.rel1.win32_1.0.100.202403111256/tools/bin/../lib/gcc/arm-none-eabi/12.3.1/../../../../arm-none-eabi/lib/thumb/v7e-m+dp/hard\libc_nano.a(libc_a-findfp.o) (__sread)
C:/ST/STM32CubeIDE_1.15.0/STM32CubeIDE/plugins/com.st.stm32cube.ide.mcu.externaltools.gnu-tools-for-stm32.12.3.rel1.win32_1.0.100.202403111256/tools/bin/../lib/gcc/arm-none-eabi/12.3.1/../../../../arm-none-eabi/lib/thumb/v7e-m+dp/hard\libc_nano.a(libc_a-memset.o)
                              C:/ST/STM32CubeIDE_1.15.0/STM32CubeIDE/plugins/com.st.stm32cube.ide.mcu.externaltools.gnu-tools-for-stm32.12.3.rel1.win32_1.0.100.202403111256/tools/bin/../lib/gcc/arm-none-eabi/12.3.1/../../../../arm-none-eabi/lib/thumb/v7e-m+dp/hard/crt0.o (memset)
C:/ST/STM32CubeIDE_1.15.0/STM32CubeIDE/plugins/com.st.stm32cube.ide.mcu.externaltools.gnu-tools-for-stm32.12.3.rel1.win32_1.0.100.202403111256/tools/bin/../lib/gcc/arm-none-eabi/12.3.1/../../../../arm-none-eabi/lib/thumb/v7e-m+dp/hard\libc_nano.a(libc_a-closer.o)
                              C:/ST/STM32CubeIDE_1.15.0/STM32CubeIDE/plugins/com.st.stm32cube.ide.mcu.externaltools.gnu-tools-for-stm32.12.3.rel1.win32_1.0.100.202403111256/tools/bin/../lib/gcc/arm-none-eabi/12.3.1/../../../../arm-none-eabi/lib/thumb/v7e-m+dp/hard\libc_nano.a(libc_a-stdio.o) (_close_r)
C:/ST/STM32CubeIDE_1.15.0/STM32CubeIDE/plugins/com.st.stm32cube.ide.mcu.externaltools.gnu-tools-for-stm32.12.3.rel1.win32_1.0.100.202403111256/tools/bin/../lib/gcc/arm-none-eabi/12.3.1/../../../../arm-none-eabi/lib/thumb/v7e-m+dp/hard\libc_nano.a(libc_a-reent.o)
                              C:/ST/STM32CubeIDE_1.15.0/STM32CubeIDE/plugins/com.st.stm32cube.ide.mcu.externaltools.gnu-tools-for-stm32.12.3.rel1.win32_1.0.100.202403111256/tools/bin/../lib/gcc/arm-none-eabi/12.3.1/../../../../arm-none-eabi/lib/thumb/v7e-m+dp/hard\libc_nano.a(libc_a-closer.o) (errno)
C:/ST/STM32CubeIDE_1.15.0/STM32CubeIDE/plugins/com.st.stm32cube.ide.mcu.externaltools.gnu-tools-for-stm32.12.3.rel1.win32_1.0.100.202403111256/tools/bin/../lib/gcc/arm-none-eabi/12.3.1/../../../../arm-none-eabi/lib/thumb/v7e-m+dp/hard\libc_nano.a(libc_a-impure.o)
                              C:/ST/STM32CubeIDE_1.15.0/STM32CubeIDE/plugins/com.st.stm32cube.ide.mcu.externaltools.gnu-tools-for-stm32.12.3.rel1.win32_1.0.100.202403111256/tools/bin/../lib/gcc/arm-none-eabi/12.3.1/../../../../arm-none-eabi/lib/thumb/v7e-m+dp/hard\libc_nano.a(libc_a-sprintf.o) (_impure_ptr)
[...]
Memory Configuration

Name             Origin             Length             Attributes
FLASH            0x08000000         0x00200000         xr
DTCMRAM          0x20000000         0x00020000         xrw
RAM_D1           0x24000000         0x00080000         xrw
RAM_D2           0x30000000         0x00048000         xrw
RAM_D3           0x38000000         0x00010000         xrw
ITCMRAM          0x00000000         0x00010000         xrw
*default*        0x00000000         0xffffffff

Linker script and memory map

LOAD C:/ST/STM32CubeIDE_1.15.0/STM32CubeIDE/plugins/com.st.stm32cube.ide.mcu.externaltools.gnu-tools-for-stm32.12.3.rel1.win32_1.0.100.202403111256/tools/bin/../lib/gcc/arm-none-eabi/12.3.1/thumb/v7e-m+dp/hard/crti.o
LOAD C:/ST/STM32CubeIDE_1.15.0/STM32CubeIDE/plugins/com.st.stm32cube.ide.mcu.externaltools.gnu-tools-for-stm32.12.3.rel1.win32_1.0.100.202403111256/tools/bin/../lib/gcc/arm-none-eabi/12.3.1/thumb/v7e-m+dp/hard/crtbegin.o
LOAD C:/ST/STM32CubeIDE_1.15.0/STM32CubeIDE/plugins/com.st.stm32cube.ide.mcu.externaltools.gnu-tools-for-stm32.12.3.rel1.win32_1.0.100.202403111256/tools/bin/../lib/gcc/arm-none-eabi/12.3.1/../../../../arm-none-eabi/lib/thumb/v7e-m+dp/hard/crt0.o
LOAD ./Core/Src/OV5640.o
LOAD ./Core/Src/dcmi.o
LOAD ./Core/Src/eth.o
LOAD ./Core/Src/gpio.o
LOAD ./Core/Src/i2c.o
LOAD ./Core/Src/main.o
LOAD ./Core/Src/spi.o
LOAD ./Core/Src/stm32h7xx_hal_msp.o
LOAD ./Core/Src/stm32h7xx_it.o
LOAD ./Core/Src/syscalls.o
LOAD ./Core/Src/sysmem.o
LOAD ./Core/Src/system_stm32h7xx.o
LOAD ./Core/Src/tim.o
LOAD ./Core/Src/usart.o
LOAD ./Core/Src/usb_otg.o
LOAD ./Core/Startup/startup_stm32h753zitx.o
LOAD ./Drivers/STM32H7xx_HAL_Driver/Src/stm32h7xx_hal.o
LOAD ./Drivers/STM32H7xx_HAL_Driver/Src/stm32h7xx_hal_cortex.o
LOAD ./Drivers/STM32H7xx_HAL_Driver/Src/stm32h7xx_hal_dcmi.o
LOAD ./Drivers/STM32H7xx_HAL_Driver/Src/stm32h7xx_hal_dma.o
LOAD ./Drivers/STM32H7xx_HAL_Driver/Src/stm32h7xx_hal_dma_ex.o
LOAD ./Drivers/STM32H7xx_HAL_Driver/Src/stm32h7xx_hal_eth.o
LOAD ./Drivers/STM32H7xx_HAL_Driver/Src/stm32h7xx_hal_eth_ex.o
LOAD ./Drivers/STM32H7xx_HAL_Driver/Src/stm32h7xx_hal_exti.o
LOAD ./Drivers/STM32H7xx_HAL_Driver/Src/stm32h7xx_hal_flash.o
LOAD ./Drivers/STM32H7xx_HAL_Driver/Src/stm32h7xx_hal_flash_ex.o
LOAD ./Drivers/STM32H7xx_HAL_Driver/Src/stm32h7xx_hal_gpio.o
LOAD ./Drivers/STM32H7xx_HAL_Driver/Src/stm32h7xx_hal_hsem.o
LOAD ./Drivers/STM32H7xx_HAL_Driver/Src/stm32h7xx_hal_i2c.o
LOAD ./Drivers/STM32H7xx_HAL_Driver/Src/stm32h7xx_hal_i2c_ex.o
LOAD ./Drivers/STM32H7xx_HAL_Driver/Src/stm32h7xx_hal_mdma.o
LOAD ./Drivers/STM32H7xx_HAL_Driver/Src/stm32h7xx_hal_pcd.o
LOAD ./Drivers/STM32H7xx_HAL_Driver/Src/stm32h7xx_hal_pcd_ex.o
LOAD ./Drivers/STM32H7xx_HAL_Driver/Src/stm32h7xx_hal_pwr.o
LOAD ./Drivers/STM32H7xx_HAL_Driver/Src/stm32h7xx_hal_pwr_ex.o
LOAD ./Drivers/STM32H7xx_HAL_Driver/Src/stm32h7xx_hal_rcc.o
LOAD ./Drivers/STM32H7xx_HAL_Driver/Src/stm32h7xx_hal_rcc_ex.o
LOAD ./Drivers/STM32H7xx_HAL_Driver/Src/stm32h7xx_hal_spi.o
LOAD ./Drivers/STM32H7xx_HAL_Driver/Src/stm32h7xx_hal_spi_ex.o
LOAD ./Drivers/STM32H7xx_HAL_Driver/Src/stm32h7xx_hal_tim.o
LOAD ./Drivers/STM32H7xx_HAL_Driver/Src/stm32h7xx_hal_tim_ex.o
LOAD ./Drivers/STM32H7xx_HAL_Driver/Src/stm32h7xx_hal_uart.o
LOAD ./Drivers/STM32H7xx_HAL_Driver/Src/stm32h7xx_hal_uart_ex.o
LOAD ./Drivers/STM32H7xx_HAL_Driver/Src/stm32h7xx_ll_usb.o
START GROUP
LOAD C:/ST/STM32CubeIDE_1.15.0/STM32CubeIDE/plugins/com.st.stm32cube.ide.mcu.externaltools.gnu-tools-for-stm32.12.3.rel1.win32_1.0.100.202403111256/tools/bin/../lib/gcc/arm-none-eabi/12.3.1/../../../../arm-none-eabi/lib/thumb/v7e-m+dp/hard\libc_nano.a
LOAD C:/ST/STM32CubeIDE_1.15.0/STM32CubeIDE/plugins/com.st.stm32cube.ide.mcu.externaltools.gnu-tools-for-stm32.12.3.rel1.win32_1.0.100.202403111256/tools/bin/../lib/gcc/arm-none-eabi/12.3.1/../../../../arm-none-eabi/lib/thumb/v7e-m+dp/hard\libm.a
END GROUP
START GROUP
LOAD C:/ST/STM32CubeIDE_1.15.0/STM32CubeIDE/plugins/com.st.stm32cube.ide.mcu.externaltools.gnu-tools-for-stm32.12.3.rel1.win32_1.0.100.202403111256/tools/bin/../lib/gcc/arm-none-eabi/12.3.1/thumb/v7e-m+dp/hard\libgcc.a
LOAD C:/ST/STM32CubeIDE_1.15.0/STM32CubeIDE/plugins/com.st.stm32cube.ide.mcu.externaltools.gnu-tools-for-stm32.12.3.rel1.win32_1.0.100.202403111256/tools/bin/../lib/gcc/arm-none-eabi/12.3.1/../../../../arm-none-eabi/lib/thumb/v7e-m+dp/hard\libc_nano.a
END GROUP
START GROUP
LOAD C:/ST/STM32CubeIDE_1.15.0/STM32CubeIDE/plugins/com.st.stm32cube.ide.mcu.externaltools.gnu-tools-for-stm32.12.3.rel1.win32_1.0.100.202403111256/tools/bin/../lib/gcc/arm-none-eabi/12.3.1/thumb/v7e-m+dp/hard\libgcc.a
LOAD C:/ST/STM32CubeIDE_1.15.0/STM32CubeIDE/plugins/com.st.stm32cube.ide.mcu.externaltools.gnu-tools-for-stm32.12.3.rel1.win32_1.0.100.202403111256/tools/bin/../lib/gcc/arm-none-eabi/12.3.1/../../../../arm-none-eabi/lib/thumb/v7e-m+dp/hard\libc_nano.a
LOAD C:/ST/STM32CubeIDE_1.15.0/STM32CubeIDE/plugins/com.st.stm32cube.ide.mcu.externaltools.gnu-tools-for-stm32.12.3.rel1.win32_1.0.100.202403111256/tools/bin/../lib/gcc/arm-none-eabi/12.3.1/../../../../arm-none-eabi/lib/thumb/v7e-m+dp/hard\libnosys.a
END GROUP
START GROUP
LOAD C:/ST/STM32CubeIDE_1.15.0/STM32CubeIDE/plugins/com.st.stm32cube.ide.mcu.externaltools.gnu-tools-for-stm32.12.3.rel1.win32_1.0.100.202403111256/tools/bin/../lib/gcc/arm-none-eabi/12.3.1/thumb/v7e-m+dp/hard\libgcc.a
LOAD C:/ST/STM32CubeIDE_1.15.0/STM32CubeIDE/plugins/com.st.stm32cube.ide.mcu.externaltools.gnu-tools-for-stm32.12.3.rel1.win32_1.0.100.202403111256/tools/bin/../lib/gcc/arm-none-eabi/12.3.1/../../../../arm-none-eabi/lib/thumb/v7e-m+dp/hard\libc_nano.a
LOAD C:/ST/STM32CubeIDE_1.15.0/STM32CubeIDE/plugins/com.st.stm32cube.ide.mcu.externaltools.gnu-tools-for-stm32.12.3.rel1.win32_1.0.100.202403111256/tools/bin/../lib/gcc/arm-none-eabi/12.3.1/../../../../arm-none-eabi/lib/thumb/v7e-m+dp/hard\libnosys.a
END GROUP
LOAD C:/ST/STM32CubeIDE_1.15.0/STM32CubeIDE/plugins/com.st.stm32cube.ide.mcu.externaltools.gnu-tools-for-stm32.12.3.rel1.win32_1.0.100.202403111256/tools/bin/../lib/gcc/arm-none-eabi/12.3.1/thumb/v7e-m+dp/hard/crtend.o
LOAD C:/ST/STM32CubeIDE_1.15.0/STM32CubeIDE/plugins/com.st.stm32cube.ide.mcu.externaltools.gnu-tools-for-stm32.12.3.rel1.win32_1.0.100.202403111256/tools/bin/../lib/gcc/arm-none-eabi/12.3.1/thumb/v7e-m+dp/hard/crtn.o
                0x24080000                        _estack = (ORIGIN (RAM_D1) + LENGTH (RAM_D1))
                0x00000200                        _Min_Heap_Size = 0x200
                0x00000400                        _Min_Stack_Size = 0x400

.isr_vector     0x08000000      0x298
                0x08000000                        . = ALIGN (0x4)
 *(.isr_vector)
 .isr_vector    0x08000000      0x298 ./Core/Startup/startup_stm32h753zitx.o
                0x08000000                g_pfnVectors
                0x08000298                        . = ALIGN (0x4)

.text           0x080002a0     0xa664
                0x080002a0                        . = ALIGN (0x4)
 *(.text)
 .text          0x080002a0       0x40 C:/ST/STM32CubeIDE_1.15.0/STM32CubeIDE/plugins/com.st.stm32cube.ide.mcu.externaltools.gnu-tools-for-stm32.12.3.rel1.win32_1.0.100.202403111256/tools/bin/../lib/gcc/arm-none-eabi/12.3.1/thumb/v7e-m+dp/hard/crtbegin.o
 .text          0x080002e0       0x10 C:/ST/STM32CubeIDE_1.15.0/STM32CubeIDE/plugins/com.st.stm32cube.ide.mcu.externaltools.gnu-tools-for-stm32.12.3.rel1.win32_1.0.100.202403111256/tools/bin/../lib/gcc/arm-none-eabi/12.3.1/../../../../arm-none-eabi/lib/thumb/v7e-m+dp/hard\libc_nano.a(libc_a-strlen.o)
                0x080002e0                strlen
 .text          0x080002f0       0xa0 C:/ST/STM32CubeIDE_1.15.0/STM32CubeIDE/plugins/com.st.stm32cube.ide.mcu.externaltools.gnu-tools-for-stm32.12.3.rel1.win32_1.0.100.202403111256/tools/bin/../lib/gcc/arm-none-eabi/12.3.1/../../../../arm-none-eabi/lib/thumb/v7e-m+dp/hard\libc_nano.a(libc_a-memchr.o)
                0x080002f0                memchr
 .text          0x08000390       0x30 C:/ST/STM32CubeIDE_1.15.0/STM32CubeIDE/plugins/com.st.stm32cube.ide.mcu.externaltools.gnu-tools-for-stm32.12.3.rel1.win32_1.0.100.202403111256/tools/bin/../lib/gcc/arm-none-eabi/12.3.1/thumb/v7e-m+dp/hard\libgcc.a(_aeabi_uldivmod.o)
                0x08000390                __aeabi_uldivmod
 .text          0x080003c0      0x2bc C:/ST/STM32CubeIDE_1.15.0/STM32CubeIDE/plugins/com.st.stm32cube.ide.mcu.externaltools.gnu-tools-for-stm32.12.3.rel1.win32_1.0.100.202403111256/tools/bin/../lib/gcc/arm-none-eabi/12.3.1/thumb/v7e-m+dp/hard\libgcc.a(_udivmoddi4.o)
                0x080003c0                __udivmoddi4
 .text          0x0800067c        0x4 C:/ST/STM32CubeIDE_1.15.0/STM32CubeIDE/plugins/com.st.stm32cube.ide.mcu.externaltools.gnu-tools-for-stm32.12.3.rel1.win32_1.0.100.202403111256/tools/bin/../lib/gcc/arm-none-eabi/12.3.1/thumb/v7e-m+dp/hard\libgcc.a(_dvmd_tls.o)
                0x0800067c                __aeabi_idiv0
                0x0800067c                __aeabi_ldiv0
 *(.text*)
 .text.OV5640_WriteReg
                0x08000680       0x48 ./Core/Src/OV5640.o
                0x08000680                OV5640_WriteReg
 .text.OV5640_ReadReg
                0x080006c8       0xcc ./Core/Src/OV5640.o
                0x080006c8                OV5640_ReadReg
 .text.OV5640_PowerUpSequence
                0x08000794       0x5c ./Core/Src/OV5640.o
                0x08000794                OV5640_PowerUpSequence
 .text.OV5640_SetResolution
                0x080007f0       0xa4 ./Core/Src/OV5640.o
                0x080007f0                OV5640_SetResolution
 .text.OV5640_SetFormat
                0x08000894       0x38 ./Core/Src/OV5640.o
                0x08000894                OV5640_SetFormat
 .text.OV5640_ConfigureCamera
                0x080008cc       0xb8 ./Core/Src/OV5640.o
                0x080008cc                OV5640_ConfigureCamera
 .text.frameCapture
                0x08000984      0x144 ./Core/Src/OV5640.o
                0x08000984                frameCapture
 .text.MX_DCMI_Init
                0x08000ac8       0x68 ./Core/Src/dcmi.o
                0x08000ac8                MX_DCMI_Init
 .text.HAL_DCMI_MspInit
                0x08000b30      0x1b0 ./Core/Src/dcmi.o
                0x08000b30                HAL_DCMI_MspInit
 .text.MX_ETH_Init
                0x08000ce0       0x98 ./Core/Src/eth.o
                0x08000ce0                MX_ETH_Init
 .text.HAL_ETH_MspInit
                0x08000d78      0x19c ./Core/Src/eth.o
                0x08000d78                HAL_ETH_MspInit
 .text.MX_GPIO_Init
                0x08000f14      0x22c ./Core/Src/gpio.o
                0x08000f14                MX_GPIO_Init
 .text.MX_I2C1_Init
                0x08001140       0x80 ./Core/Src/i2c.o
                0x08001140                MX_I2C1_Init
 .text.HAL_I2C_MspInit
                0x080011c0       0xf8 ./Core/Src/i2c.o
                0x080011c0                HAL_I2C_MspInit
 .text.main     0x080012b8       0x74 ./Core/Src/main.o
                0x080012b8                main
 .text.SystemClock_Config
                0x0800132c      0x108 ./Core/Src/main.o
                0x0800132c                SystemClock_Config
 .text.Error_Handler
                0x08001434        0xc ./Core/Src/main.o
                0x08001434                Error_Handler
 .text.MX_SPI1_Init
                0x08001440       0xb0 ./Core/Src/spi.o
                0x08001440                MX_SPI1_Init
 .text.HAL_SPI_MspInit
                0x080014f0      0x16c ./Core/Src/spi.o
                0x080014f0                HAL_SPI_MspInit
 .text.HAL_MspInit
                0x0800165c       0x34 ./Core/Src/stm32h7xx_hal_msp.o
                0x0800165c                HAL_MspInit
 .text.NMI_Handler
                0x08001690        0x8 ./Core/Src/stm32h7xx_it.o
                0x08001690                NMI_Handler
 .text.HardFault_Handler
                0x08001698        0x8 ./Core/Src/stm32h7xx_it.o
                0x08001698                HardFault_Handler
 .text.MemManage_Handler
                0x080016a0        0x8 ./Core/Src/stm32h7xx_it.o
                0x080016a0                MemManage_Handler
 .text.BusFault_Handler
                0x080016a8        0x8 ./Core/Src/stm32h7xx_it.o
                0x080016a8                BusFault_Handler
 .text.UsageFault_Handler
                0x080016b0        0x8 ./Core/Src/stm32h7xx_it.o
                0x080016b0                UsageFault_Handler
 .text.SVC_Handler
                0x080016b8        0xe ./Core/Src/stm32h7xx_it.o
                0x080016b8                SVC_Handler
 .text.DebugMon_Handler
                0x080016c6        0xe ./Core/Src/stm32h7xx_it.o
                0x080016c6                DebugMon_Handler
 .text.PendSV_Handler
                0x080016d4        0xe ./Core/Src/stm32h7xx_it.o
                0x080016d4                PendSV_Handler
 .text.SysTick_Handler
                0x080016e2        0xc ./Core/Src/stm32h7xx_it.o
                0x080016e2                SysTick_Handler
 *fill*         0x080016ee        0x2 
 .text.DCMI_IRQHandler
                0x080016f0       0x14 ./Core/Src/stm32h7xx_it.o
                0x080016f0                DCMI_IRQHandler
 .text._sbrk    0x08001704       0x6c ./Core/Src/sysmem.o
                0x08001704                _sbrk
 .text.SystemInit
                0x08001770      0x110 ./Core/Src/system_stm32h7xx.o
                0x08001770                SystemInit
 .text.MX_TIM1_Init
                0x08001880       0xac ./Core/Src/tim.o
                0x08001880                MX_TIM1_Init
 .text.MX_TIM4_Init
                0x0800192c       0xec ./Core/Src/tim.o
                0x0800192c                MX_TIM4_Init
 .text.HAL_TIM_Base_MspInit
                0x08001a18       0x74 ./Core/Src/tim.o
                0x08001a18                HAL_TIM_Base_MspInit
 .text.HAL_TIM_MspPostInit
                0x08001a8c       0x74 ./Core/Src/tim.o
                0x08001a8c                HAL_TIM_MspPostInit
 .text.MX_USART3_UART_Init
                0x08001b00       0x98 ./Core/Src/usart.o
                0x08001b00                MX_USART3_UART_Init
 .text.HAL_UART_MspInit
                0x08001b98       0xd4 ./Core/Src/usart.o
                0x08001b98                HAL_UART_MspInit
 .text.MX_USB_OTG_FS_PCD_Init
                0x08001c6c       0x64 ./Core/Src/usb_otg.o
                0x08001c6c                MX_USB_OTG_FS_PCD_Init
 .text.HAL_PCD_MspInit
                0x08001cd0       0xf8 ./Core/Src/usb_otg.o
                0x08001cd0                HAL_PCD_MspInit
 .text.Reset_Handler
                0x08001dc8       0x50 ./Core/Startup/startup_stm32h753zitx.o
                0x08001dc8                Reset_Handler
 .text.Default_Handler
                0x08001e18        0x2 ./Core/Startup/startup_stm32h753zitx.o
                0x08001e18                RTC_Alarm_IRQHandler
                0x08001e18                HASH_RNG_IRQHandler
                0x08001e18                EXTI2_IRQHandler
                0x08001e18                TIM8_CC_IRQHandler
                0x08001e18                HRTIM1_Master_IRQHandler
                0x08001e18                UART8_IRQHandler
                0x08001e18                SPI4_IRQHandler
                0x08001e18                TIM1_CC_IRQHandler
                0x08001e18                BDMA_Channel6_IRQHandler
                0x08001e18                DMA2_Stream5_IRQHandler
                0x08001e18                HRTIM1_FLT_IRQHandler
                0x08001e18                JPEG_IRQHandler
                0x08001e18                DMA1_Stream5_IRQHandler
                0x08001e18                BDMA_Channel1_IRQHandler
                0x08001e18                HRTIM1_TIMD_IRQHandler
                0x08001e18                TAMP_STAMP_IRQHandler
                0x08001e18                EXTI3_IRQHandler
                0x08001e18                LPTIM4_IRQHandler
                0x08001e18                TIM8_TRG_COM_TIM14_IRQHandler
                0x08001e18                LPTIM2_IRQHandler
                0x08001e18                DFSDM1_FLT1_IRQHandler
                0x08001e18                DMAMUX2_OVR_IRQHandler
                0x08001e18                TIM8_UP_TIM13_IRQHandler
                0x08001e18                I2C3_ER_IRQHandler
                0x08001e18                DFSDM1_FLT2_IRQHandler
                0x08001e18                MDMA_IRQHandler
                0x08001e18                LPTIM3_IRQHandler
                0x08001e18                HSEM1_IRQHandler
                0x08001e18                EXTI0_IRQHandler
                0x08001e18                I2C2_EV_IRQHandler
                0x08001e18                DMA1_Stream2_IRQHandler
                0x08001e18                FPU_IRQHandler
                0x08001e18                OTG_HS_WKUP_IRQHandler
                0x08001e18                FDCAN1_IT1_IRQHandler
                0x08001e18                LTDC_ER_IRQHandler
                0x08001e18                DMA2_Stream2_IRQHandler
                0x08001e18                HRTIM1_TIME_IRQHandler
                0x08001e18                SPI1_IRQHandler
                0x08001e18                TIM6_DAC_IRQHandler
                0x08001e18                HRTIM1_TIMC_IRQHandler
                0x08001e18                DMA2_Stream3_IRQHandler
                0x08001e18                SAI2_IRQHandler
                0x08001e18                DFSDM1_FLT3_IRQHandler
                0x08001e18                USART6_IRQHandler
                0x08001e18                TIM17_IRQHandler
                0x08001e18                USART3_IRQHandler
                0x08001e18                BDMA_Channel7_IRQHandler
                0x08001e18                CRYP_IRQHandler
                0x08001e18                LPTIM5_IRQHandler
                0x08001e18                UART5_IRQHandler
                0x08001e18                ADC3_IRQHandler
                0x08001e18                DMA2_Stream0_IRQHandler
                0x08001e18                TIM4_IRQHandler
                0x08001e18                BDMA_Channel2_IRQHandler
                0x08001e18                QUADSPI_IRQHandler
                0x08001e18                I2C1_EV_IRQHandler
                0x08001e18                DMA1_Stream6_IRQHandler
                0x08001e18                DMAMUX1_OVR_IRQHandler
                0x08001e18                DMA1_Stream1_IRQHandler
                0x08001e18                TIM16_IRQHandler
                0x08001e18                UART4_IRQHandler
                0x08001e18                BDMA_Channel5_IRQHandler
                0x08001e18                TIM3_IRQHandler
                0x08001e18                RCC_IRQHandler
                0x08001e18                TIM8_BRK_TIM12_IRQHandler
                0x08001e18                TIM1_TRG_COM_IRQHandler
                0x08001e18                Default_Handler
                0x08001e18                ECC_IRQHandler
                0x08001e18                CEC_IRQHandler
                0x08001e18                EXTI15_10_IRQHandler
                0x08001e18                BDMA_Channel0_IRQHandler
                0x08001e18                ADC_IRQHandler
                0x08001e18                DMA1_Stream7_IRQHandler
                0x08001e18                HRTIM1_TIMA_IRQHandler
                0x08001e18                SPI5_IRQHandler
                0x08001e18                TIM7_IRQHandler
                0x08001e18                SDMMC1_IRQHandler
                0x08001e18                TIM5_IRQHandler
                0x08001e18                DMA2_Stream7_IRQHandler
                0x08001e18                TIM15_IRQHandler
                0x08001e18                PVD_AVD_IRQHandler
                0x08001e18                I2C3_EV_IRQHandler
                0x08001e18                EXTI9_5_IRQHandler
                0x08001e18                RTC_WKUP_IRQHandler
                0x08001e18                LTDC_IRQHandler
                0x08001e18                SAI3_IRQHandler
                0x08001e18                ETH_WKUP_IRQHandler
                0x08001e18                SPDIF_RX_IRQHandler
                0x08001e18                SPI2_IRQHandler
                0x08001e18                OTG_HS_EP1_IN_IRQHandler
                0x08001e18                DMA1_Stream0_IRQHandler
                0x08001e18                CRS_IRQHandler
                0x08001e18                EXTI4_IRQHandler
                0x08001e18                HRTIM1_TIMB_IRQHandler
                0x08001e18                FDCAN2_IT1_IRQHandler
                0x08001e18                ETH_IRQHandler
                0x08001e18                TIM1_UP_IRQHandler
                0x08001e18                BDMA_Channel4_IRQHandler
                0x08001e18                OTG_HS_EP1_OUT_IRQHandler
                0x08001e18                WWDG_IRQHandler
                0x08001e18                SPI6_IRQHandler
                0x08001e18                MDIOS_IRQHandler
                0x08001e18                I2C4_EV_IRQHandler
                0x08001e18                FDCAN2_IT0_IRQHandler
                0x08001e18                LPUART1_IRQHandler
                0x08001e18                FDCAN1_IT0_IRQHandler
                0x08001e18                TIM2_IRQHandler
                0x08001e18                OTG_FS_WKUP_IRQHandler
                0x08001e18                OTG_HS_IRQHandler
                0x08001e18                DMA2D_IRQHandler
                0x08001e18                TIM1_BRK_IRQHandler
                0x08001e18                EXTI1_IRQHandler
                0x08001e18                SDMMC2_IRQHandler
                0x08001e18                OTG_FS_EP1_OUT_IRQHandler
                0x08001e18                BDMA_Channel3_IRQHandler
                0x08001e18                UART7_IRQHandler
                0x08001e18                MDIOS_WKUP_IRQHandler
                0x08001e18                USART2_IRQHandler
                0x08001e18                DFSDM1_FLT0_IRQHandler
                0x08001e18                SAI4_IRQHandler
                0x08001e18                I2C2_ER_IRQHandler
                0x08001e18                DMA2_Stream1_IRQHandler
                0x08001e18                FLASH_IRQHandler
                0x08001e18                DMA2_Stream4_IRQHandler
                0x08001e18                USART1_IRQHandler
                0x08001e18                OTG_FS_IRQHandler
                0x08001e18                SPI3_IRQHandler
                0x08001e18                WAKEUP_PIN_IRQHandler
                0x08001e18                DMA1_Stream4_IRQHandler
                0x08001e18                OTG_FS_EP1_IN_IRQHandler
                0x08001e18                I2C1_ER_IRQHandler
                0x08001e18                FMC_IRQHandler
                0x08001e18                FDCAN_CAL_IRQHandler
                0x08001e18                SWPMI1_IRQHandler
                0x08001e18                COMP1_IRQHandler
                0x08001e18                LPTIM1_IRQHandler
                0x08001e18                I2C4_ER_IRQHandler
                0x08001e18                DMA2_Stream6_IRQHandler
                0x08001e18                SAI1_IRQHandler
                0x08001e18                DMA1_Stream3_IRQHandler
 *fill*         0x08001e1a        0x2 
 .text.HAL_Init
                0x08001e1c       0x78 ./Drivers/STM32H7xx_HAL_Driver/Src/stm32h7xx_hal.o
                0x08001e1c                HAL_Init
 .text.HAL_InitTick
                0x08001e94       0x6c ./Drivers/STM32H7xx_HAL_Driver/Src/stm32h7xx_hal.o
                0x08001e94                HAL_InitTick
 .text.HAL_IncTick
                0x08001f00       0x28 ./Drivers/STM32H7xx_HAL_Driver/Src/stm32h7xx_hal.o
                0x08001f00                HAL_IncTick
 .text.HAL_GetTick
                0x08001f28       0x18 ./Drivers/STM32H7xx_HAL_Driver/Src/stm32h7xx_hal.o
                0x08001f28                HAL_GetTick
 .text.HAL_Delay
                0x08001f40       0x48 ./Drivers/STM32H7xx_HAL_Driver/Src/stm32h7xx_hal.o
                0x08001f40                HAL_Delay
 .text.HAL_GetREVID
                0x08001f88       0x18 ./Drivers/STM32H7xx_HAL_Driver/Src/stm32h7xx_hal.o
                0x08001f88                HAL_GetREVID
 .text.HAL_SYSCFG_ETHInterfaceSelect
                0x08001fa0       0x28 ./Drivers/STM32H7xx_HAL_Driver/Src/stm32h7xx_hal.o
                0x08001fa0                HAL_SYSCFG_ETHInterfaceSelect
 .text.__NVIC_SetPriorityGrouping
                0x08001fc8       0x48 ./Drivers/STM32H7xx_HAL_Driver/Src/stm32h7xx_hal_cortex.o
 .text.__NVIC_GetPriorityGrouping
                0x08002010       0x1c ./Drivers/STM32H7xx_HAL_Driver/Src/stm32h7xx_hal_cortex.o
 .text.__NVIC_EnableIRQ
                0x0800202c       0x3c ./Drivers/STM32H7xx_HAL_Driver/Src/stm32h7xx_hal_cortex.o
 .text.__NVIC_SetPriority
                0x08002068       0x54 ./Drivers/STM32H7xx_HAL_Driver/Src/stm32h7xx_hal_cortex.o
 .text.NVIC_EncodePriority
                0x080020bc       0x66 ./Drivers/STM32H7xx_HAL_Driver/Src/stm32h7xx_hal_cortex.o
 *fill*         0x08002122        0x2 
 .text.SysTick_Config
                0x08002124       0x44 ./Drivers/STM32H7xx_HAL_Driver/Src/stm32h7xx_hal_cortex.o
 .text.HAL_NVIC_SetPriorityGrouping
                0x08002168       0x16 ./Drivers/STM32H7xx_HAL_Driver/Src/stm32h7xx_hal_cortex.o
                0x08002168                HAL_NVIC_SetPriorityGrouping
 .text.HAL_NVIC_SetPriority
                0x0800217e       0x34 ./Drivers/STM32H7xx_HAL_Driver/Src/stm32h7xx_hal_cortex.o
                0x0800217e                HAL_NVIC_SetPriority
 .text.HAL_NVIC_EnableIRQ
                0x080021b2       0x1c ./Drivers/STM32H7xx_HAL_Driver/Src/stm32h7xx_hal_cortex.o
                0x080021b2                HAL_NVIC_EnableIRQ
 .text.HAL_SYSTICK_Config
                0x080021ce       0x18 ./Drivers/STM32H7xx_HAL_Driver/Src/stm32h7xx_hal_cortex.o
                0x080021ce                HAL_SYSTICK_Config
 *fill*         0x080021e6        0x2 
 .text.HAL_DCMI_Init
                0x080021e8       0xf4 ./Drivers/STM32H7xx_HAL_Driver/Src/stm32h7xx_hal_dcmi.o
                0x080021e8                HAL_DCMI_Init
 .text.HAL_DCMI_IRQHandler
                0x080022dc      0x104 ./Drivers/STM32H7xx_HAL_Driver/Src/stm32h7xx_hal_dcmi.o
                0x080022dc                HAL_DCMI_IRQHandler
 .text.HAL_DCMI_ErrorCallback
                0x080023e0       0x14 ./Drivers/STM32H7xx_HAL_Driver/Src/stm32h7xx_hal_dcmi.o
                0x080023e0                HAL_DCMI_ErrorCallback
 .text.HAL_DCMI_LineEventCallback
                0x080023f4       0x14 ./Drivers/STM32H7xx_HAL_Driver/Src/stm32h7xx_hal_dcmi.o
                0x080023f4                HAL_DCMI_LineEventCallback
 .text.HAL_DCMI_VsyncEventCallback
                0x08002408       0x14 ./Drivers/STM32H7xx_HAL_Driver/Src/stm32h7xx_hal_dcmi.o
                0x08002408                HAL_DCMI_VsyncEventCallback
 .text.HAL_DCMI_FrameEventCallback
                0x0800241c       0x14 ./Drivers/STM32H7xx_HAL_Driver/Src/stm32h7xx_hal_dcmi.o
                0x0800241c                HAL_DCMI_FrameEventCallback
 .text.DCMI_DMAError
                0x08002430       0x3a ./Drivers/STM32H7xx_HAL_Driver/Src/stm32h7xx_hal_dcmi.o
 *fill*         0x0800246a        0x2 
 .text.HAL_DMA_Abort_IT
                0x0800246c      0x48c ./Drivers/STM32H7xx_HAL_Driver/Src/stm32h7xx_hal_dma.o
                0x0800246c                HAL_DMA_Abort_IT
 .text.HAL_ETH_Init
                0x080028f8      0x1fc ./Drivers/STM32H7xx_HAL_Driver/Src/stm32h7xx_hal_eth.o
                0x080028f8                HAL_ETH_Init
 .text.HAL_ETH_SetMDIOClockRange
                0x08002af4       0xa0 ./Drivers/STM32H7xx_HAL_Driver/Src/stm32h7xx_hal_eth.o
                0x08002af4                HAL_ETH_SetMDIOClockRange
 .text.ETH_SetMACConfig
                0x08002b94      0x238 ./Drivers/STM32H7xx_HAL_Driver/Src/stm32h7xx_hal_eth.o
 .text.ETH_SetDMAConfig
                0x08002dcc      0x10c ./Drivers/STM32H7xx_HAL_Driver/Src/stm32h7xx_hal_eth.o
 .text.ETH_MACDMAConfig
                0x08002ed8      0x13a ./Drivers/STM32H7xx_HAL_Driver/Src/stm32h7xx_hal_eth.o
 .text.ETH_DMATxDescListInit
                0x08003012       0x92 ./Drivers/STM32H7xx_HAL_Driver/Src/stm32h7xx_hal_eth.o
 .text.ETH_DMARxDescListInit
                0x080030a4       0xba ./Drivers/STM32H7xx_HAL_Driver/Src/stm32h7xx_hal_eth.o
 *fill*         0x0800315e        0x2 
 .text.HAL_GPIO_Init
                0x08003160      0x360 ./Drivers/STM32H7xx_HAL_Driver/Src/stm32h7xx_hal_gpio.o
                0x08003160                HAL_GPIO_Init
 .text.HAL_GPIO_WritePin
                0x080034c0       0x32 ./Drivers/STM32H7xx_HAL_Driver/Src/stm32h7xx_hal_gpio.o
                0x080034c0                HAL_GPIO_WritePin
 *fill*         0x080034f2        0x2 
 .text.HAL_I2C_Init
                0x080034f4      0x138 ./Drivers/STM32H7xx_HAL_Driver/Src/stm32h7xx_hal_i2c.o
                0x080034f4                HAL_I2C_Init
 .text.HAL_I2C_Master_Transmit
                0x0800362c      0x230 ./Drivers/STM32H7xx_HAL_Driver/Src/stm32h7xx_hal_i2c.o
                0x0800362c                HAL_I2C_Master_Transmit
 .text.HAL_I2C_Master_Receive
                0x0800385c      0x1ec ./Drivers/STM32H7xx_HAL_Driver/Src/stm32h7xx_hal_i2c.o
                0x0800385c                HAL_I2C_Master_Receive
 .text.I2C_Flush_TXDR
                0x08003a48       0x48 ./Drivers/STM32H7xx_HAL_Driver/Src/stm32h7xx_hal_i2c.o
 .text.I2C_WaitOnFlagUntilTimeout
                0x08003a90       0xb2 ./Drivers/STM32H7xx_HAL_Driver/Src/stm32h7xx_hal_i2c.o
 .text.I2C_WaitOnTXISFlagUntilTimeout
                0x08003b42       0x8e ./Drivers/STM32H7xx_HAL_Driver/Src/stm32h7xx_hal_i2c.o
 .text.I2C_WaitOnSTOPFlagUntilTimeout
                0x08003bd0       0x86 ./Drivers/STM32H7xx_HAL_Driver/Src/stm32h7xx_hal_i2c.o
 *fill*         0x08003c56        0x2 
 .text.I2C_WaitOnRXNEFlagUntilTimeout
                0x08003c58      0x118 ./Drivers/STM32H7xx_HAL_Driver/Src/stm32h7xx_hal_i2c.o
 .text.I2C_IsErrorOccurred
                0x08003d70      0x1c0 ./Drivers/STM32H7xx_HAL_Driver/Src/stm32h7xx_hal_i2c.o
 .text.I2C_TransferConfig
                0x08003f30       0x64 ./Drivers/STM32H7xx_HAL_Driver/Src/stm32h7xx_hal_i2c.o
 .text.HAL_I2CEx_ConfigAnalogFilter
                0x08003f94       0x96 ./Drivers/STM32H7xx_HAL_Driver/Src/stm32h7xx_hal_i2c_ex.o
                0x08003f94                HAL_I2CEx_ConfigAnalogFilter
 .text.HAL_I2CEx_ConfigDigitalFilter
                0x0800402a       0x98 ./Drivers/STM32H7xx_HAL_Driver/Src/stm32h7xx_hal_i2c_ex.o
                0x0800402a                HAL_I2CEx_ConfigDigitalFilter
 .text.HAL_PCD_Init
                0x080040c2      0x218 ./Drivers/STM32H7xx_HAL_Driver/Src/stm32h7xx_hal_pcd.o
                0x080040c2                HAL_PCD_Init
 *fill*         0x080042da        0x2 
 .text.HAL_PCDEx_ActivateLPM
                0x080042dc       0x48 ./Drivers/STM32H7xx_HAL_Driver/Src/stm32h7xx_hal_pcd_ex.o
                0x080042dc                HAL_PCDEx_ActivateLPM
 .text.HAL_PWREx_ConfigSupply
                0x08004324       0x74 ./Drivers/STM32H7xx_HAL_Driver/Src/stm32h7xx_hal_pwr_ex.o
                0x08004324                HAL_PWREx_ConfigSupply
 .text.HAL_PWREx_EnableUSBVoltageDetector
                0x08004398       0x20 ./Drivers/STM32H7xx_HAL_Driver/Src/stm32h7xx_hal_pwr_ex.o
                0x08004398                HAL_PWREx_EnableUSBVoltageDetector
 .text.HAL_RCC_OscConfig
                0x080043b8      0x8b4 ./Drivers/STM32H7xx_HAL_Driver/Src/stm32h7xx_hal_rcc.o
                0x080043b8                HAL_RCC_OscConfig
 .text.HAL_RCC_ClockConfig
                0x08004c6c      0x36c ./Drivers/STM32H7xx_HAL_Driver/Src/stm32h7xx_hal_rcc.o
                0x08004c6c                HAL_RCC_ClockConfig
 .text.HAL_RCC_MCOConfig
                0x08004fd8       0xd4 ./Drivers/STM32H7xx_HAL_Driver/Src/stm32h7xx_hal_rcc.o
                0x08004fd8                HAL_RCC_MCOConfig
 .text.HAL_RCC_GetSysClockFreq
                0x080050ac      0x2f4 ./Drivers/STM32H7xx_HAL_Driver/Src/stm32h7xx_hal_rcc.o
                0x080050ac                HAL_RCC_GetSysClockFreq
 .text.HAL_RCC_GetHCLKFreq
                0x080053a0       0x60 ./Drivers/STM32H7xx_HAL_Driver/Src/stm32h7xx_hal_rcc.o
                0x080053a0                HAL_RCC_GetHCLKFreq
 .text.HAL_RCC_GetPCLK1Freq
                0x08005400       0x2c ./Drivers/STM32H7xx_HAL_Driver/Src/stm32h7xx_hal_rcc.o
                0x08005400                HAL_RCC_GetPCLK1Freq
 .text.HAL_RCC_GetPCLK2Freq
                0x0800542c       0x2c ./Drivers/STM32H7xx_HAL_Driver/Src/stm32h7xx_hal_rcc.o
                0x0800542c                HAL_RCC_GetPCLK2Freq
 .text.HAL_RCCEx_PeriphCLKConfig
                0x08005458     0x1414 ./Drivers/STM32H7xx_HAL_Driver/Src/stm32h7xx_hal_rcc_ex.o
                0x08005458                HAL_RCCEx_PeriphCLKConfig
 .text.HAL_RCCEx_GetD3PCLK1Freq
                0x0800686c       0x2c ./Drivers/STM32H7xx_HAL_Driver/Src/stm32h7xx_hal_rcc_ex.o
                0x0800686c                HAL_RCCEx_GetD3PCLK1Freq
 .text.HAL_RCCEx_GetPLL2ClockFreq
                0x08006898      0x2a8 ./Drivers/STM32H7xx_HAL_Driver/Src/stm32h7xx_hal_rcc_ex.o
                0x08006898                HAL_RCCEx_GetPLL2ClockFreq
 .text.HAL_RCCEx_GetPLL3ClockFreq
                0x08006b40      0x2a8 ./Drivers/STM32H7xx_HAL_Driver/Src/stm32h7xx_hal_rcc_ex.o
                0x08006b40                HAL_RCCEx_GetPLL3ClockFreq
 .text.RCCEx_PLL2_Config
                0x08006de8      0x164 ./Drivers/STM32H7xx_HAL_Driver/Src/stm32h7xx_hal_rcc_ex.o
 .text.RCCEx_PLL3_Config
                0x08006f4c      0x164 ./Drivers/STM32H7xx_HAL_Driver/Src/stm32h7xx_hal_rcc_ex.o
 .text.HAL_SPI_Init
                0x080070b0      0x248 ./Drivers/STM32H7xx_HAL_Driver/Src/stm32h7xx_hal_spi.o
                0x080070b0                HAL_SPI_Init
 .text.SPI_GetPacketSize
                0x080072f8       0x36 ./Drivers/STM32H7xx_HAL_Driver/Src/stm32h7xx_hal_spi.o
 .text.HAL_TIM_Base_Init
                0x0800732e       0xae ./Drivers/STM32H7xx_HAL_Driver/Src/stm32h7xx_hal_tim.o
                0x0800732e                HAL_TIM_Base_Init
 .text.HAL_TIM_PWM_Init
                0x080073dc       0xae ./Drivers/STM32H7xx_HAL_Driver/Src/stm32h7xx_hal_tim.o
                0x080073dc                HAL_TIM_PWM_Init
 .text.HAL_TIM_PWM_MspInit
                0x0800748a       0x14 ./Drivers/STM32H7xx_HAL_Driver/Src/stm32h7xx_hal_tim.o
                0x0800748a                HAL_TIM_PWM_MspInit
 *fill*         0x0800749e        0x2 
 .text.HAL_TIM_PWM_Start
                0x080074a0      0x21c ./Drivers/STM32H7xx_HAL_Driver/Src/stm32h7xx_hal_tim.o
                0x080074a0                HAL_TIM_PWM_Start
 .text.HAL_TIM_PWM_ConfigChannel
                0x080076bc      0x228 ./Drivers/STM32H7xx_HAL_Driver/Src/stm32h7xx_hal_tim.o
                0x080076bc                HAL_TIM_PWM_ConfigChannel
 .text.HAL_TIM_ConfigClockSource
                0x080078e4      0x1f0 ./Drivers/STM32H7xx_HAL_Driver/Src/stm32h7xx_hal_tim.o
                0x080078e4                HAL_TIM_ConfigClockSource
 .text.HAL_TIM_SlaveConfigSynchro
                0x08007ad4       0x84 ./Drivers/STM32H7xx_HAL_Driver/Src/stm32h7xx_hal_tim.o
                0x08007ad4                HAL_TIM_SlaveConfigSynchro
 .text.TIM_Base_SetConfig
                0x08007b58      0x14c ./Drivers/STM32H7xx_HAL_Driver/Src/stm32h7xx_hal_tim.o
                0x08007b58                TIM_Base_SetConfig
 .text.TIM_OC1_SetConfig
                0x08007ca4      0x120 ./Drivers/STM32H7xx_HAL_Driver/Src/stm32h7xx_hal_tim.o
 .text.TIM_OC2_SetConfig
                0x08007dc4      0x114 ./Drivers/STM32H7xx_HAL_Driver/Src/stm32h7xx_hal_tim.o
                0x08007dc4                TIM_OC2_SetConfig
 .text.TIM_OC3_SetConfig
                0x08007ed8      0x110 ./Drivers/STM32H7xx_HAL_Driver/Src/stm32h7xx_hal_tim.o
 .text.TIM_OC4_SetConfig
                0x08007fe8       0xd4 ./Drivers/STM32H7xx_HAL_Driver/Src/stm32h7xx_hal_tim.o
 .text.TIM_OC5_SetConfig
                0x080080bc       0xc8 ./Drivers/STM32H7xx_HAL_Driver/Src/stm32h7xx_hal_tim.o
 .text.TIM_OC6_SetConfig
                0x08008184       0xcc ./Drivers/STM32H7xx_HAL_Driver/Src/stm32h7xx_hal_tim.o
 .text.TIM_SlaveTimer_SetConfig
                0x08008250      0x1d4 ./Drivers/STM32H7xx_HAL_Driver/Src/stm32h7xx_hal_tim.o
 .text.TIM_TI1_ConfigInputStage
                0x08008424       0x5e ./Drivers/STM32H7xx_HAL_Driver/Src/stm32h7xx_hal_tim.o
 .text.TIM_TI2_ConfigInputStage
                0x08008482       0x60 ./Drivers/STM32H7xx_HAL_Driver/Src/stm32h7xx_hal_tim.o
 *fill*         0x080084e2        0x2 
 .text.TIM_ITRx_SetConfig
                0x080084e4       0x3c ./Drivers/STM32H7xx_HAL_Driver/Src/stm32h7xx_hal_tim.o
 .text.TIM_ETR_SetConfig
                0x08008520       0x40 ./Drivers/STM32H7xx_HAL_Driver/Src/stm32h7xx_hal_tim.o
                0x08008520                TIM_ETR_SetConfig
 .text.TIM_CCxChannelCmd
                0x08008560       0x4a ./Drivers/STM32H7xx_HAL_Driver/Src/stm32h7xx_hal_tim.o
                0x08008560                TIM_CCxChannelCmd
 *fill*         0x080085aa        0x2 
 .text.HAL_TIMEx_MasterConfigSynchronization
                0x080085ac      0x11c ./Drivers/STM32H7xx_HAL_Driver/Src/stm32h7xx_hal_tim_ex.o
                0x080085ac                HAL_TIMEx_MasterConfigSynchronization
 .text.HAL_UART_Init
                0x080086c8       0xa0 ./Drivers/STM32H7xx_HAL_Driver/Src/stm32h7xx_hal_uart.o
                0x080086c8                HAL_UART_Init
 .text.HAL_UART_Transmit
                0x08008768      0x11c ./Drivers/STM32H7xx_HAL_Driver/Src/stm32h7xx_hal_uart.o
                0x08008768                HAL_UART_Transmit
 .text.UART_SetConfig
                0x08008884      0xad0 ./Drivers/STM32H7xx_HAL_Driver/Src/stm32h7xx_hal_uart.o
                0x08008884                UART_SetConfig
 .text.UART_AdvFeatureConfig
                0x08009354      0x144 ./Drivers/STM32H7xx_HAL_Driver/Src/stm32h7xx_hal_uart.o
                0x08009354                UART_AdvFeatureConfig
 .text.UART_CheckIdleState
                0x08009498      0x154 ./Drivers/STM32H7xx_HAL_Driver/Src/stm32h7xx_hal_uart.o
                0x08009498                UART_CheckIdleState
 .text.UART_WaitOnFlagUntilTimeout
                0x080095ec       0xda ./Drivers/STM32H7xx_HAL_Driver/Src/stm32h7xx_hal_uart.o
                0x080095ec                UART_WaitOnFlagUntilTimeout
 *fill*         0x080096c6        0x2 
 .text.UART_EndRxTransfer
                0x080096c8       0xcc ./Drivers/STM32H7xx_HAL_Driver/Src/stm32h7xx_hal_uart.o
 .text.HAL_UARTEx_DisableFifoMode
                0x08009794       0x72 ./Drivers/STM32H7xx_HAL_Driver/Src/stm32h7xx_hal_uart_ex.o
                0x08009794                HAL_UARTEx_DisableFifoMode
 .text.HAL_UARTEx_SetTxFifoThreshold
                0x08009806       0x7c ./Drivers/STM32H7xx_HAL_Driver/Src/stm32h7xx_hal_uart_ex.o
                0x08009806                HAL_UARTEx_SetTxFifoThreshold
 .text.HAL_UARTEx_SetRxFifoThreshold
                0x08009882       0x7c ./Drivers/STM32H7xx_HAL_Driver/Src/stm32h7xx_hal_uart_ex.o
                0x08009882                HAL_UARTEx_SetRxFifoThreshold
 *fill*         0x080098fe        0x2 
 .text.UARTEx_SetNbDataToProcess
                0x08009900       0x9c ./Drivers/STM32H7xx_HAL_Driver/Src/stm32h7xx_hal_uart_ex.o
 .text.USB_CoreInit
                0x0800999c       0xe4 ./Drivers/STM32H7xx_HAL_Driver/Src/stm32h7xx_ll_usb.o
                0x0800999c                USB_CoreInit
 .text.USB_DisableGlobalInt
                0x08009a80       0x22 ./Drivers/STM32H7xx_HAL_Driver/Src/stm32h7xx_ll_usb.o
                0x08009a80                USB_DisableGlobalInt
 .text.USB_SetCurrentMode
                0x08009aa2       0x98 ./Drivers/STM32H7xx_HAL_Driver/Src/stm32h7xx_ll_usb.o
                0x08009aa2                USB_SetCurrentMode
 *fill*         0x08009b3a        0x2 
 .text.USB_DevInit
                0x08009b3c      0x2bc ./Drivers/STM32H7xx_HAL_Driver/Src/stm32h7xx_ll_usb.o
                0x08009b3c                USB_DevInit
 .text.USB_FlushTxFifo
                0x08009df8       0x64 ./Drivers/STM32H7xx_HAL_Driver/Src/stm32h7xx_ll_usb.o
                0x08009df8                USB_FlushTxFifo
 .text.USB_FlushRxFifo
                0x08009e5c       0x5c ./Drivers/STM32H7xx_HAL_Driver/Src/stm32h7xx_ll_usb.o
                0x08009e5c                USB_FlushRxFifo
 .text.USB_SetDevSpeed
                0x08009eb8       0x32 ./Drivers/STM32H7xx_HAL_Driver/Src/stm32h7xx_ll_usb.o
                0x08009eb8                USB_SetDevSpeed
 .text.USB_DevDisconnect
                0x08009eea       0x42 ./Drivers/STM32H7xx_HAL_Driver/Src/stm32h7xx_ll_usb.o
                0x08009eea                USB_DevDisconnect
 .text.USB_GetMode
                0x08009f2c       0x1c ./Drivers/STM32H7xx_HAL_Driver/Src/stm32h7xx_ll_usb.o
                0x08009f2c                USB_GetMode
 .text.USB_CoreReset
                0x08009f48       0x62 ./Drivers/STM32H7xx_HAL_Driver/Src/stm32h7xx_ll_usb.o
 *fill*         0x08009faa        0x2 
 .text.sprintf  0x08009fac       0x40 C:/ST/STM32CubeIDE_1.15.0/STM32CubeIDE/plugins/com.st.stm32cube.ide.mcu.externaltools.gnu-tools-for-stm32.12.3.rel1.win32_1.0.100.202403111256/tools/bin/../lib/gcc/arm-none-eabi/12.3.1/../../../../arm-none-eabi/lib/thumb/v7e-m+dp/hard\libc_nano.a(libc_a-sprintf.o)
                0x08009fac                siprintf
                0x08009fac                sprintf
 .text.memset   0x08009fec       0x10 C:/ST/STM32CubeIDE_1.15.0/STM32CubeIDE/plugins/com.st.stm32cube.ide.mcu.externaltools.gnu-tools-for-stm32.12.3.rel1.win32_1.0.100.202403111256/tools/bin/../lib/gcc/arm-none-eabi/12.3.1/../../../../arm-none-eabi/lib/thumb/v7e-m+dp/hard\libc_nano.a(libc_a-memset.o)
                0x08009fec                memset
 .text.__errno  0x08009ffc        0xc C:/ST/STM32CubeIDE_1.15.0/STM32CubeIDE/plugins/com.st.stm32cube.ide.mcu.externaltools.gnu-tools-for-stm32.12.3.rel1.win32_1.0.100.202403111256/tools/bin/../lib/gcc/arm-none-eabi/12.3.1/../../../../arm-none-eabi/lib/thumb/v7e-m+dp/hard\libc_nano.a(libc_a-errno.o)
                0x08009ffc                __errno
 .text.__libc_init_array
                0x0800a008       0x48 C:/ST/STM32CubeIDE_1.15.0/STM32CubeIDE/plugins/com.st.stm32cube.ide.mcu.externaltools.gnu-tools-for-stm32.12.3.rel1.win32_1.0.100.202403111256/tools/bin/../lib/gcc/arm-none-eabi/12.3.1/../../../../arm-none-eabi/lib/thumb/v7e-m+dp/hard\libc_nano.a(libc_a-init.o)
                0x0800a008                __libc_init_array
 .text.__retarget_lock_acquire_recursive
                0x0800a050        0x2 C:/ST/STM32CubeIDE_1.15.0/STM32CubeIDE/plugins/com.st.stm32cube.ide.mcu.externaltools.gnu-tools-for-stm32.12.3.rel1.win32_1.0.100.202403111256/tools/bin/../lib/gcc/arm-none-eabi/12.3.1/../../../../arm-none-eabi/lib/thumb/v7e-m+dp/hard\libc_nano.a(libc_a-lock.o)
                0x0800a050                __retarget_lock_acquire_recursive
 .text.__retarget_lock_release_recursive
                0x0800a052        0x2 C:/ST/STM32CubeIDE_1.15.0/STM32CubeIDE/plugins/com.st.stm32cube.ide.mcu.externaltools.gnu-tools-for-stm32.12.3.rel1.win32_1.0.100.202403111256/tools/bin/../lib/gcc/arm-none-eabi/12.3.1/../../../../arm-none-eabi/lib/thumb/v7e-m+dp/hard\libc_nano.a(libc_a-lock.o)
                0x0800a052                __retarget_lock_release_recursive
 .text._free_r  0x0800a054       0x94 C:/ST/STM32CubeIDE_1.15.0/STM32CubeIDE/plugins/com.st.stm32cube.ide.mcu.externaltools.gnu-tools-for-stm32.12.3.rel1.win32_1.0.100.202403111256/tools/bin/../lib/gcc/arm-none-eabi/12.3.1/../../../../arm-none-eabi/lib/thumb/v7e-m+dp/hard\libc_nano.a(libc_a-freer.o)
                0x0800a054                _free_r
 .text.sbrk_aligned
                0x0800a0e8       0x44 C:/ST/STM32CubeIDE_1.15.0/STM32CubeIDE/plugins/com.st.stm32cube.ide.mcu.externaltools.gnu-tools-for-stm32.12.3.rel1.win32_1.0.100.202403111256/tools/bin/../lib/gcc/arm-none-eabi/12.3.1/../../../../arm-none-eabi/lib/thumb/v7e-m+dp/hard\libc_nano.a(libc_a-mallocr.o)
 .text._malloc_r
                0x0800a12c      0x100 C:/ST/STM32CubeIDE_1.15.0/STM32CubeIDE/plugins/com.st.stm32cube.ide.mcu.externaltools.gnu-tools-for-stm32.12.3.rel1.win32_1.0.100.202403111256/tools/bin/../lib/gcc/arm-none-eabi/12.3.1/../../../../arm-none-eabi/lib/thumb/v7e-m+dp/hard\libc_nano.a(libc_a-mallocr.o)
                0x0800a12c                _malloc_r
 .text.__malloc_lock
                0x0800a22c        0xc C:/ST/STM32CubeIDE_1.15.0/STM32CubeIDE/plugins/com.st.stm32cube.ide.mcu.externaltools.gnu-tools-for-stm32.12.3.rel1.win32_1.0.100.202403111256/tools/bin/../lib/gcc/arm-none-eabi/12.3.1/../../../../arm-none-eabi/lib/thumb/v7e-m+dp/hard\libc_nano.a(libc_a-mlock.o)
                0x0800a22c                __malloc_lock
 .text.__malloc_unlock
                0x0800a238        0xc C:/ST/STM32CubeIDE_1.15.0/STM32CubeIDE/plugins/com.st.stm32cube.ide.mcu.externaltools.gnu-tools-for-stm32.12.3.rel1.win32_1.0.100.202403111256/tools/bin/../lib/gcc/arm-none-eabi/12.3.1/../../../../arm-none-eabi/lib/thumb/v7e-m+dp/hard\libc_nano.a(libc_a-mlock.o)
                0x0800a238                __malloc_unlock
 .text.__ssputs_r
                0x0800a244       0xb6 C:/ST/STM32CubeIDE_1.15.0/STM32CubeIDE/plugins/com.st.stm32cube.ide.mcu.externaltools.gnu-tools-for-stm32.12.3.rel1.win32_1.0.100.202403111256/tools/bin/../lib/gcc/arm-none-eabi/12.3.1/../../../../arm-none-eabi/lib/thumb/v7e-m+dp/hard\libc_nano.a(libc_a-nano-svfprintf.o)
                0x0800a244                __ssputs_r
 *fill*         0x0800a2fa        0x2 
 .text._svfprintf_r
                0x0800a2fc      0x1f8 C:/ST/STM32CubeIDE_1.15.0/STM32CubeIDE/plugins/com.st.stm32cube.ide.mcu.externaltools.gnu-tools-for-stm32.12.3.rel1.win32_1.0.100.202403111256/tools/bin/../lib/gcc/arm-none-eabi/12.3.1/../../../../arm-none-eabi/lib/thumb/v7e-m+dp/hard\libc_nano.a(libc_a-nano-svfprintf.o)
                0x0800a2fc                _svfiprintf_r
                0x0800a2fc                _svfprintf_r
 .text._printf_common
                0x0800a4f4       0xda C:/ST/STM32CubeIDE_1.15.0/STM32CubeIDE/plugins/com.st.stm32cube.ide.mcu.externaltools.gnu-tools-for-stm32.12.3.rel1.win32_1.0.100.202403111256/tools/bin/../lib/gcc/arm-none-eabi/12.3.1/../../../../arm-none-eabi/lib/thumb/v7e-m+dp/hard\libc_nano.a(libc_a-nano-vfprintf_i.o)
                0x0800a4f4                _printf_common
 *fill*         0x0800a5ce        0x2 
 .text._printf_i
                0x0800a5d0      0x240 C:/ST/STM32CubeIDE_1.15.0/STM32CubeIDE/plugins/com.st.stm32cube.ide.mcu.externaltools.gnu-tools-for-stm32.12.3.rel1.win32_1.0.100.202403111256/tools/bin/../lib/gcc/arm-none-eabi/12.3.1/../../../../arm-none-eabi/lib/thumb/v7e-m+dp/hard\libc_nano.a(libc_a-nano-vfprintf_i.o)
                0x0800a5d0                _printf_i
 .text.memmove  0x0800a810       0x34 C:/ST/STM32CubeIDE_1.15.0/STM32CubeIDE/plugins/com.st.stm32cube.ide.mcu.externaltools.gnu-tools-for-stm32.12.3.rel1.win32_1.0.100.202403111256/tools/bin/../lib/gcc/arm-none-eabi/12.3.1/../../../../arm-none-eabi/lib/thumb/v7e-m+dp/hard\libc_nano.a(libc_a-memmove.o)
                0x0800a810                memmove
 .text._sbrk_r  0x0800a844       0x20 C:/ST/STM32CubeIDE_1.15.0/STM32CubeIDE/plugins/com.st.stm32cube.ide.mcu.externaltools.gnu-tools-for-stm32.12.3.rel1.win32_1.0.100.202403111256/tools/bin/../lib/gcc/arm-none-eabi/12.3.1/../../../../arm-none-eabi/lib/thumb/v7e-m+dp/hard\libc_nano.a(libc_a-sbrkr.o)
                0x0800a844                _sbrk_r
 .text.memcpy   0x0800a864       0x1c C:/ST/STM32CubeIDE_1.15.0/STM32CubeIDE/plugins/com.st.stm32cube.ide.mcu.externaltools.gnu-tools-for-stm32.12.3.rel1.win32_1.0.100.202403111256/tools/bin/../lib/gcc/arm-none-eabi/12.3.1/../../../../arm-none-eabi/lib/thumb/v7e-m+dp/hard\libc_nano.a(libc_a-memcpy-stub.o)
                0x0800a864                memcpy
 .text._realloc_r
                0x0800a880       0x5c C:/ST/STM32CubeIDE_1.15.0/STM32CubeIDE/plugins/com.st.stm32cube.ide.mcu.externaltools.gnu-tools-for-stm32.12.3.rel1.win32_1.0.100.202403111256/tools/bin/../lib/gcc/arm-none-eabi/12.3.1/../../../../arm-none-eabi/lib/thumb/v7e-m+dp/hard\libc_nano.a(libc_a-reallocr.o)
                0x0800a880                _realloc_r
 .text._malloc_usable_size_r
                0x0800a8dc       0x10 C:/ST/STM32CubeIDE_1.15.0/STM32CubeIDE/plugins/com.st.stm32cube.ide.mcu.externaltools.gnu-tools-for-stm32.12.3.rel1.win32_1.0.100.202403111256/tools/bin/../lib/gcc/arm-none-eabi/12.3.1/../../../../arm-none-eabi/lib/thumb/v7e-m+dp/hard\libc_nano.a(libc_a-msizer.o)
                0x0800a8dc                _malloc_usable_size_r
 *(.glue_7)
 .glue_7        0x0800a8ec        0x0 linker stubs
 *(.glue_7t)
 .glue_7t       0x0800a8ec        0x0 linker stubs
 *(.eh_frame)
 .eh_frame      0x0800a8ec        0x0 C:/ST/STM32CubeIDE_1.15.0/STM32CubeIDE/plugins/com.st.stm32cube.ide.mcu.externaltools.gnu-tools-for-stm32.12.3.rel1.win32_1.0.100.202403111256/tools/bin/../lib/gcc/arm-none-eabi/12.3.1/thumb/v7e-m+dp/hard/crtbegin.o
 *(.init)
 .init          0x0800a8ec        0x4 C:/ST/STM32CubeIDE_1.15.0/STM32CubeIDE/plugins/com.st.stm32cube.ide.mcu.externaltools.gnu-tools-for-stm32.12.3.rel1.win32_1.0.100.202403111256/tools/bin/../lib/gcc/arm-none-eabi/12.3.1/thumb/v7e-m+dp/hard/crti.o
                0x0800a8ec                _init
 .init          0x0800a8f0        0x8 C:/ST/STM32CubeIDE_1.15.0/STM32CubeIDE/plugins/com.st.stm32cube.ide.mcu.externaltools.gnu-tools-for-stm32.12.3.rel1.win32_1.0.100.202403111256/tools/bin/../lib/gcc/arm-none-eabi/12.3.1/thumb/v7e-m+dp/hard/crtn.o
 *(.fini)
 .fini          0x0800a8f8        0x4 C:/ST/STM32CubeIDE_1.15.0/STM32CubeIDE/plugins/com.st.stm32cube.ide.mcu.externaltools.gnu-tools-for-stm32.12.3.rel1.win32_1.0.100.202403111256/tools/bin/../lib/gcc/arm-none-eabi/12.3.1/thumb/v7e-m+dp/hard/crti.o
                0x0800a8f8                _fini
 .fini          0x0800a8fc        0x8 C:/ST/STM32CubeIDE_1.15.0/STM32CubeIDE/plugins/com.st.stm32cube.ide.mcu.externaltools.gnu-tools-for-stm32.12.3.rel1.win32_1.0.100.202403111256/tools/bin/../lib/gcc/arm-none-eabi/12.3.1/thumb/v7e-m+dp/hard/crtn.o
                0x0800a904                        . = ALIGN (0x4)
                0x0800a904                        _etext = .

.vfp11_veneer   0x0800a904        0x0
 .vfp11_veneer  0x0800a904        0x0 linker stubs

.v4_bx          0x0800a904        0x0
 .v4_bx         0x0800a904        0x0 linker stubs

.iplt           0x0800a904        0x0
 .iplt          0x0800a904        0x0 C:/ST/STM32CubeIDE_1.15.0/STM32CubeIDE/plugins/com.st.stm32cube.ide.mcu.externaltools.gnu-tools-for-stm32.12.3.rel1.win32_1.0.100.202403111256/tools/bin/../lib/gcc/arm-none-eabi/12.3.1/thumb/v7e-m+dp/hard/crtbegin.o

.rodata         0x0800a904       0xf8
                0x0800a904                        . = ALIGN (0x4)
 *(.rodata)
 .rodata        0x0800a904       0x6e ./Core/Src/OV5640.o
 *(.rodata*)
 *fill*         0x0800a972        0x2 
 .rodata.OV5640_Resolutions
                0x0800a974        0xc ./Core/Src/OV5640.o
 .rodata.OV5640_Formats
                0x0800a980       0x10 ./Core/Src/OV5640.o
 .rodata.D1CorePrescTable
                0x0800a990       0x10 ./Core/Src/system_stm32h7xx.o
                0x0800a990                D1CorePrescTable
 .rodata.UARTPrescTable
                0x0800a9a0       0x18 ./Drivers/STM32H7xx_HAL_Driver/Src/stm32h7xx_hal_uart.o
                0x0800a9a0                UARTPrescTable
 .rodata.numerator.1
                0x0800a9b8        0x8 ./Drivers/STM32H7xx_HAL_Driver/Src/stm32h7xx_hal_uart_ex.o
 .rodata.denominator.0
                0x0800a9c0        0x8 ./Drivers/STM32H7xx_HAL_Driver/Src/stm32h7xx_hal_uart_ex.o
 .rodata._svfprintf_r.str1.1
                0x0800a9c8       0x11 C:/ST/STM32CubeIDE_1.15.0/STM32CubeIDE/plugins/com.st.stm32cube.ide.mcu.externaltools.gnu-tools-for-stm32.12.3.rel1.win32_1.0.100.202403111256/tools/bin/../lib/gcc/arm-none-eabi/12.3.1/../../../../arm-none-eabi/lib/thumb/v7e-m+dp/hard\libc_nano.a(libc_a-nano-svfprintf.o)
 .rodata._printf_i.str1.1
                0x0800a9d9       0x22 C:/ST/STM32CubeIDE_1.15.0/STM32CubeIDE/plugins/com.st.stm32cube.ide.mcu.externaltools.gnu-tools-for-stm32.12.3.rel1.win32_1.0.100.202403111256/tools/bin/../lib/gcc/arm-none-eabi/12.3.1/../../../../arm-none-eabi/lib/thumb/v7e-m+dp/hard\libc_nano.a(libc_a-nano-vfprintf_i.o)
                0x0800a9fc                        . = ALIGN (0x4)
 *fill*         0x0800a9fb        0x1 

.ARM.extab
 *(.ARM.extab* .gnu.linkonce.armextab.*)

.ARM            0x0800a9fc        0x8
                0x0800a9fc                        __exidx_start = .
 *(.ARM.exidx*)
 .ARM.exidx     0x0800a9fc        0x8 C:/ST/STM32CubeIDE_1.15.0/STM32CubeIDE/plugins/com.st.stm32cube.ide.mcu.externaltools.gnu-tools-for-stm32.12.3.rel1.win32_1.0.100.202403111256/tools/bin/../lib/gcc/arm-none-eabi/12.3.1/../../../../arm-none-eabi/lib/thumb/v7e-m+dp/hard\libc_nano.a(libc_a-strlen.o)
 .ARM.exidx     0x0800aa04        0x0 C:/ST/STM32CubeIDE_1.15.0/STM32CubeIDE/plugins/com.st.stm32cube.ide.mcu.externaltools.gnu-tools-for-stm32.12.3.rel1.win32_1.0.100.202403111256/tools/bin/../lib/gcc/arm-none-eabi/12.3.1/../../../../arm-none-eabi/lib/thumb/v7e-m+dp/hard\libc_nano.a(libc_a-memchr.o)
                                  0x8 (size before relaxing)
 .ARM.exidx     0x0800aa04        0x0 C:/ST/STM32CubeIDE_1.15.0/STM32CubeIDE/plugins/com.st.stm32cube.ide.mcu.externaltools.gnu-tools-for-stm32.12.3.rel1.win32_1.0.100.202403111256/tools/bin/../lib/gcc/arm-none-eabi/12.3.1/thumb/v7e-m+dp/hard\libgcc.a(_udivmoddi4.o)
                                  0x8 (size before relaxing)
                0x0800aa04                        __exidx_end = .

.preinit_array  0x0800aa04        0x0
                0x0800aa04                        PROVIDE (__preinit_array_start = .)
 *(.preinit_array*)
                0x0800aa04                        PROVIDE (__preinit_array_end = .)

.init_array     0x0800aa04        0x4
                0x0800aa04                        PROVIDE (__init_array_start = .)
 *(SORT_BY_NAME(.init_array.*))
 *(.init_array*)
 .init_array    0x0800aa04        0x4 C:/ST/STM32CubeIDE_1.15.0/STM32CubeIDE/plugins/com.st.stm32cube.ide.mcu.externaltools.gnu-tools-for-stm32.12.3.rel1.win32_1.0.100.202403111256/tools/bin/../lib/gcc/arm-none-eabi/12.3.1/thumb/v7e-m+dp/hard/crtbegin.o
                0x0800aa08                        PROVIDE (__init_array_end = .)

.fini_array     0x0800aa08        0x4
                [!provide]                        PROVIDE (__fini_array_start = .)
 *(SORT_BY_NAME(.fini_array.*))
 *(.fini_array*)
 .fini_array    0x0800aa08        0x4 C:/ST/STM32CubeIDE_1.15.0/STM32CubeIDE/plugins/com.st.stm32cube.ide.mcu.externaltools.gnu-tools-for-stm32.12.3.rel1.win32_1.0.100.202403111256/tools/bin/../lib/gcc/arm-none-eabi/12.3.1/thumb/v7e-m+dp/hard/crtbegin.o
                [!provide]                        PROVIDE (__fini_array_end = .)
                0x0800aa0c                        _sidata = LOADADDR (.data)

.rel.dyn        0x0800aa0c        0x0
 .rel.iplt      0x0800aa0c        0x0 C:/ST/STM32CubeIDE_1.15.0/STM32CubeIDE/plugins/com.st.stm32cube.ide.mcu.externaltools.gnu-tools-for-stm32.12.3.rel1.win32_1.0.100.202403111256/tools/bin/../lib/gcc/arm-none-eabi/12.3.1/thumb/v7e-m+dp/hard/crtbegin.o

.data           0x24000000       0x64 load address 0x0800aa0c
                0x24000000                        . = ALIGN (0x4)
                0x24000000                        _sdata = .
 *(.data)
 *(.data*)
 .data.activeCameraConfigPtr
                0x24000000        0x4 ./Core/Src/OV5640.o
                0x24000000                activeCameraConfigPtr
 .data.SystemCoreClock
                0x24000004        0x4 ./Core/Src/system_stm32h7xx.o
                0x24000004                SystemCoreClock
 .data.SystemD2Clock
                0x24000008        0x4 ./Core/Src/system_stm32h7xx.o
                0x24000008                SystemD2Clock
 .data.uwTickPrio
                0x2400000c        0x4 ./Drivers/STM32H7xx_HAL_Driver/Src/stm32h7xx_hal.o
                0x2400000c                uwTickPrio
 .data.uwTickFreq
                0x24000010        0x1 ./Drivers/STM32H7xx_HAL_Driver/Src/stm32h7xx_hal.o
                0x24000010                uwTickFreq
 *fill*         0x24000011        0x3 
 .data._impure_ptr
                0x24000014        0x4 C:/ST/STM32CubeIDE_1.15.0/STM32CubeIDE/plugins/com.st.stm32cube.ide.mcu.externaltools.gnu-tools-for-stm32.12.3.rel1.win32_1.0.100.202403111256/tools/bin/../lib/gcc/arm-none-eabi/12.3.1/../../../../arm-none-eabi/lib/thumb/v7e-m+dp/hard\libc_nano.a(libc_a-impure.o)
                0x24000014                _impure_ptr
 .data._impure_data
                0x24000018       0x4c C:/ST/STM32CubeIDE_1.15.0/STM32CubeIDE/plugins/com.st.stm32cube.ide.mcu.externaltools.gnu-tools-for-stm32.12.3.rel1.win32_1.0.100.202403111256/tools/bin/../lib/gcc/arm-none-eabi/12.3.1/../../../../arm-none-eabi/lib/thumb/v7e-m+dp/hard\libc_nano.a(libc_a-impure.o)
                0x24000018                _impure_data
 *(.RamFunc)
 *(.RamFunc*)
                0x24000064                        . = ALIGN (0x4)
                0x24000064                        _edata = .

.igot.plt       0x24000064        0x0 load address 0x0800aa70
 .igot.plt      0x24000064        0x0 C:/ST/STM32CubeIDE_1.15.0/STM32CubeIDE/plugins/com.st.stm32cube.ide.mcu.externaltools.gnu-tools-for-stm32.12.3.rel1.win32_1.0.100.202403111256/tools/bin/../lib/gcc/arm-none-eabi/12.3.1/thumb/v7e-m+dp/hard/crtbegin.o

.RxDecripSection
                0x24000064       0x60 load address 0x0800aa70
 .RxDecripSection
                0x24000064       0x60 ./Core/Src/eth.o
                0x24000064                DMARxDscrTab

.TxDecripSection
                0x240000c4       0x60 load address 0x0800aad0
 .TxDecripSection
                0x240000c4       0x60 ./Core/Src/eth.o
                0x240000c4                DMATxDscrTab
                0x24000124                        . = ALIGN (0x4)

.bss            0x24000124      0x99c load address 0x0800ab30
                0x24000124                        _sbss = .
                0x24000124                        __bss_start__ = _sbss
 *(.bss)
 .bss           0x24000124       0x1c C:/ST/STM32CubeIDE_1.15.0/STM32CubeIDE/plugins/com.st.stm32cube.ide.mcu.externaltools.gnu-tools-for-stm32.12.3.rel1.win32_1.0.100.202403111256/tools/bin/../lib/gcc/arm-none-eabi/12.3.1/thumb/v7e-m+dp/hard/crtbegin.o
 *(.bss*)
 .bss.activeCameraConfig
                0x24000140        0x2 ./Core/Src/OV5640.o
                0x24000140                activeCameraConfig
 *fill*         0x24000142        0x2 
 .bss.hdcmi     0x24000144       0x50 ./Core/Src/dcmi.o
                0x24000144                hdcmi
 .bss.TxConfig  0x24000194       0x38 ./Core/Src/eth.o
                0x24000194                TxConfig
 .bss.heth      0x240001cc       0xb0 ./Core/Src/eth.o
                0x240001cc                heth
 .bss.MACAddr.0
                0x2400027c        0x6 ./Core/Src/eth.o
 *fill*         0x24000282        0x2 
 .bss.hi2c1     0x24000284       0x54 ./Core/Src/i2c.o
                0x24000284                hi2c1
 .bss.hspi1     0x240002d8       0x88 ./Core/Src/spi.o
                0x240002d8                hspi1
 .bss.__sbrk_heap_end
                0x24000360        0x4 ./Core/Src/sysmem.o
 .bss.htim1     0x24000364       0x4c ./Core/Src/tim.o
                0x24000364                htim1
 .bss.htim4     0x240003b0       0x4c ./Core/Src/tim.o
                0x240003b0                htim4
 .bss.huart3    0x240003fc       0x94 ./Core/Src/usart.o
                0x240003fc                huart3
 .bss.hpcd_USB_OTG_FS
                0x24000490      0x4e4 ./Core/Src/usb_otg.o
                0x24000490                hpcd_USB_OTG_FS
 .bss.uwTick    0x24000974        0x4 ./Drivers/STM32H7xx_HAL_Driver/Src/stm32h7xx_hal.o
                0x24000974                uwTick
 .bss.__sf      0x24000978      0x138 C:/ST/STM32CubeIDE_1.15.0/STM32CubeIDE/plugins/com.st.stm32cube.ide.mcu.externaltools.gnu-tools-for-stm32.12.3.rel1.win32_1.0.100.202403111256/tools/bin/../lib/gcc/arm-none-eabi/12.3.1/../../../../arm-none-eabi/lib/thumb/v7e-m+dp/hard\libc_nano.a(libc_a-findfp.o)
                0x24000978                __sf
 .bss.errno     0x24000ab0        0x4 C:/ST/STM32CubeIDE_1.15.0/STM32CubeIDE/plugins/com.st.stm32cube.ide.mcu.externaltools.gnu-tools-for-stm32.12.3.rel1.win32_1.0.100.202403111256/tools/bin/../lib/gcc/arm-none-eabi/12.3.1/../../../../arm-none-eabi/lib/thumb/v7e-m+dp/hard\libc_nano.a(libc_a-reent.o)
                0x24000ab0                errno
 .bss.__lock___malloc_recursive_mutex
                0x24000ab4        0x1 C:/ST/STM32CubeIDE_1.15.0/STM32CubeIDE/plugins/com.st.stm32cube.ide.mcu.externaltools.gnu-tools-for-stm32.12.3.rel1.win32_1.0.100.202403111256/tools/bin/../lib/gcc/arm-none-eabi/12.3.1/../../../../arm-none-eabi/lib/thumb/v7e-m+dp/hard\libc_nano.a(libc_a-lock.o)
                0x24000ab4                __lock___malloc_recursive_mutex
 *fill*         0x24000ab5        0x3 
 .bss.__malloc_sbrk_start
                0x24000ab8        0x4 C:/ST/STM32CubeIDE_1.15.0/STM32CubeIDE/plugins/com.st.stm32cube.ide.mcu.externaltools.gnu-tools-for-stm32.12.3.rel1.win32_1.0.100.202403111256/tools/bin/../lib/gcc/arm-none-eabi/12.3.1/../../../../arm-none-eabi/lib/thumb/v7e-m+dp/hard\libc_nano.a(libc_a-mallocr.o)
                0x24000ab8                __malloc_sbrk_start
 .bss.__malloc_free_list
                0x24000abc        0x4 C:/ST/STM32CubeIDE_1.15.0/STM32CubeIDE/plugins/com.st.stm32cube.ide.mcu.externaltools.gnu-tools-for-stm32.12.3.rel1.win32_1.0.100.202403111256/tools/bin/../lib/gcc/arm-none-eabi/12.3.1/../../../../arm-none-eabi/lib/thumb/v7e-m+dp/hard\libc_nano.a(libc_a-mallocr.o)
                0x24000abc                __malloc_free_list
 *(COMMON)
                0x24000ac0                        . = ALIGN (0x4)
                0x24000ac0                        _ebss = .
                0x24000ac0                        __bss_end__ = _ebss

._user_heap_stack
                0x24000ac0      0x600 load address 0x0800ab30
                0x24000ac0                        . = ALIGN (0x8)
                [!provide]                        PROVIDE (end = .)
                0x24000ac0                        PROVIDE (_end = .)
                0x24000cc0                        . = (. + _Min_Heap_Size)
 *fill*         0x24000ac0      0x200 
                0x240010c0                        . = (. + _Min_Stack_Size)
 *fill*         0x24000cc0      0x400 
                0x240010c0                        . = ALIGN (0x8)

/DISCARD/
 libc.a(*)
 libm.a(*)
 libgcc.a(*)

.ARM.attributes
                0x00000000       0x2e
 *(.ARM.attributes)
 .ARM.attributes
                0x00000000       0x20 C:/ST/STM32CubeIDE_1.15.0/STM32CubeIDE/plugins/com.st.stm32cube.ide.mcu.externaltools.gnu-tools-for-stm32.12.3.rel1.win32_1.0.100.202403111256/tools/bin/../lib/gcc/arm-none-eabi/12.3.1/thumb/v7e-m+dp/hard/crti.o
 .ARM.attributes
                0x00000020       0x32 C:/ST/STM32CubeIDE_1.15.0/STM32CubeIDE/plugins/com.st.stm32cube.ide.mcu.externaltools.gnu-tools-for-stm32.12.3.rel1.win32_1.0.100.202403111256/tools/bin/../lib/gcc/arm-none-eabi/12.3.1/thumb/v7e-m+dp/hard/crtbegin.o
 .ARM.attributes
                0x00000052       0x32 ./Core/Src/OV5640.o
 .ARM.attributes
                0x00000084       0x32 ./Core/Src/dcmi.o
 .ARM.attributes
                0x000000b6       0x32 ./Core/Src/eth.o
 .ARM.attributes
                0x000000e8       0x32 ./Core/Src/gpio.o
 .ARM.attributes
                0x0000011a       0x32 ./Core/Src/i2c.o
 .ARM.attributes
                0x0000014c       0x32 ./Core/Src/main.o
 .ARM.attributes
                0x0000017e       0x32 ./Core/Src/spi.o
 .ARM.attributes
                0x000001b0       0x32 ./Core/Src/stm32h7xx_hal_msp.o
 .ARM.attributes
                0x000001e2       0x32 ./Core/Src/stm32h7xx_it.o
 .ARM.attributes
                0x00000214       0x32 ./Core/Src/sysmem.o
 .ARM.attributes
                0x00000246       0x32 ./Core/Src/system_stm32h7xx.o
 .ARM.attributes
                0x00000278       0x32 ./Core/Src/tim.o
 .ARM.attributes
                0x000002aa       0x32 ./Core/Src/usart.o
 .ARM.attributes
                0x000002dc       0x32 ./Core/Src/usb_otg.o
 .ARM.attributes
                0x0000030e       0x21 ./Core/Startup/startup_stm32h753zitx.o
 .ARM.attributes
                0x0000032f       0x32 ./Drivers/STM32H7xx_HAL_Driver/Src/stm32h7xx_hal.o
 .ARM.attributes
                0x00000361       0x32 ./Drivers/STM32H7xx_HAL_Driver/Src/stm32h7xx_hal_cortex.o
 .ARM.attributes
                0x00000393       0x32 ./Drivers/STM32H7xx_HAL_Driver/Src/stm32h7xx_hal_dcmi.o
 .ARM.attributes
                0x000003c5       0x32 ./Drivers/STM32H7xx_HAL_Driver/Src/stm32h7xx_hal_dma.o
 .ARM.attributes
                0x000003f7       0x32 ./Drivers/STM32H7xx_HAL_Driver/Src/stm32h7xx_hal_eth.o
 .ARM.attributes
                0x00000429       0x32 ./Drivers/STM32H7xx_HAL_Driver/Src/stm32h7xx_hal_gpio.o
 .ARM.attributes
                0x0000045b       0x32 ./Drivers/STM32H7xx_HAL_Driver/Src/stm32h7xx_hal_i2c.o
 .ARM.attributes
                0x0000048d       0x32 ./Drivers/STM32H7xx_HAL_Driver/Src/stm32h7xx_hal_i2c_ex.o
 .ARM.attributes
                0x000004bf       0x32 ./Drivers/STM32H7xx_HAL_Driver/Src/stm32h7xx_hal_pcd.o
 .ARM.attributes
                0x000004f1       0x32 ./Drivers/STM32H7xx_HAL_Driver/Src/stm32h7xx_hal_pcd_ex.o
 .ARM.attributes
                0x00000523       0x32 ./Drivers/STM32H7xx_HAL_Driver/Src/stm32h7xx_hal_pwr_ex.o
 .ARM.attributes
                0x00000555       0x32 ./Drivers/STM32H7xx_HAL_Driver/Src/stm32h7xx_hal_rcc.o
 .ARM.attributes
                0x00000587       0x32 ./Drivers/STM32H7xx_HAL_Driver/Src/stm32h7xx_hal_rcc_ex.o
 .ARM.attributes
                0x000005b9       0x32 ./Drivers/STM32H7xx_HAL_Driver/Src/stm32h7xx_hal_spi.o
 .ARM.attributes
                0x000005eb       0x32 ./Drivers/STM32H7xx_HAL_Driver/Src/stm32h7xx_hal_tim.o
 .ARM.attributes
                0x0000061d       0x32 ./Drivers/STM32H7xx_HAL_Driver/Src/stm32h7xx_hal_tim_ex.o
 .ARM.attributes
                0x0000064f       0x32 ./Drivers/STM32H7xx_HAL_Driver/Src/stm32h7xx_hal_uart.o
 .ARM.attributes
                0x00000681       0x32 ./Drivers/STM32H7xx_HAL_Driver/Src/stm32h7xx_hal_uart_ex.o
 .ARM.attributes
                0x000006b3       0x32 ./Drivers/STM32H7xx_HAL_Driver/Src/stm32h7xx_ll_usb.o
 .ARM.attributes
                0x000006e5       0x32 C:/ST/STM32CubeIDE_1.15.0/STM32CubeIDE/plugins/com.st.stm32cube.ide.mcu.externaltools.gnu-tools-for-stm32.12.3.rel1.win32_1.0.100.202403111256/tools/bin/../lib/gcc/arm-none-eabi/12.3.1/../../../../arm-none-eabi/lib/thumb/v7e-m+dp/hard\libc_nano.a(libc_a-findfp.o)
 .ARM.attributes
                0x00000717       0x32 C:/ST/STM32CubeIDE_1.15.0/STM32CubeIDE/plugins/com.st.stm32cube.ide.mcu.externaltools.gnu-tools-for-stm32.12.3.rel1.win32_1.0.100.202403111256/tools/bin/../lib/gcc/arm-none-eabi/12.3.1/../../../../arm-none-eabi/lib/thumb/v7e-m+dp/hard\libc_nano.a(libc_a-sprintf.o)
 .ARM.attributes
                0x00000749       0x32 C:/ST/STM32CubeIDE_1.15.0/STM32CubeIDE/plugins/com.st.stm32cube.ide.mcu.externaltools.gnu-tools-for-stm32.12.3.rel1.win32_1.0.100.202403111256/tools/bin/../lib/gcc/arm-none-eabi/12.3.1/../../../../arm-none-eabi/lib/thumb/v7e-m+dp/hard\libc_nano.a(libc_a-memset.o)
 .ARM.attributes
                0x0000077b       0x32 C:/ST/STM32CubeIDE_1.15.0/STM32CubeIDE/plugins/com.st.stm32cube.ide.mcu.externaltools.gnu-tools-for-stm32.12.3.rel1.win32_1.0.100.202403111256/tools/bin/../lib/gcc/arm-none-eabi/12.3.1/../../../../arm-none-eabi/lib/thumb/v7e-m+dp/hard\libc_nano.a(libc_a-reent.o)
 .ARM.attributes
                0x000007ad       0x32 C:/ST/STM32CubeIDE_1.15.0/STM32CubeIDE/plugins/com.st.stm32cube.ide.mcu.externaltools.gnu-tools-for-stm32.12.3.rel1.win32_1.0.100.202403111256/tools/bin/../lib/gcc/arm-none-eabi/12.3.1/../../../../arm-none-eabi/lib/thumb/v7e-m+dp/hard\libc_nano.a(libc_a-impure.o)
 .ARM.attributes
                0x000007df       0x32 C:/ST/STM32CubeIDE_1.15.0/STM32CubeIDE/plugins/com.st.stm32cube.ide.mcu.externaltools.gnu-tools-for-stm32.12.3.rel1.win32_1.0.100.202403111256/tools/bin/../lib/gcc/arm-none-eabi/12.3.1/../../../../arm-none-eabi/lib/thumb/v7e-m+dp/hard\libc_nano.a(libc_a-errno.o)
 .ARM.attributes
                0x00000811       0x32 C:/ST/STM32CubeIDE_1.15.0/STM32CubeIDE/plugins/com.st.stm32cube.ide.mcu.externaltools.gnu-tools-for-stm32.12.3.rel1.win32_1.0.100.202403111256/tools/bin/../lib/gcc/arm-none-eabi/12.3.1/../../../../arm-none-eabi/lib/thumb/v7e-m+dp/hard\libc_nano.a(libc_a-init.o)
 .ARM.attributes
                0x00000843       0x32 C:/ST/STM32CubeIDE_1.15.0/STM32CubeIDE/plugins/com.st.stm32cube.ide.mcu.externaltools.gnu-tools-for-stm32.12.3.rel1.win32_1.0.100.202403111256/tools/bin/../lib/gcc/arm-none-eabi/12.3.1/../../../../arm-none-eabi/lib/thumb/v7e-m+dp/hard\libc_nano.a(libc_a-lock.o)
 .ARM.attributes
                0x00000875       0x17 C:/ST/STM32CubeIDE_1.15.0/STM32CubeIDE/plugins/com.st.stm32cube.ide.mcu.externaltools.gnu-tools-for-stm32.12.3.rel1.win32_1.0.100.202403111256/tools/bin/../lib/gcc/arm-none-eabi/12.3.1/../../../../arm-none-eabi/lib/thumb/v7e-m+dp/hard\libc_nano.a(libc_a-strlen.o)
 .ARM.attributes
                0x0000088c       0x32 C:/ST/STM32CubeIDE_1.15.0/STM32CubeIDE/plugins/com.st.stm32cube.ide.mcu.externaltools.gnu-tools-for-stm32.12.3.rel1.win32_1.0.100.202403111256/tools/bin/../lib/gcc/arm-none-eabi/12.3.1/../../../../arm-none-eabi/lib/thumb/v7e-m+dp/hard\libc_nano.a(libc_a-freer.o)
 .ARM.attributes
                0x000008be       0x32 C:/ST/STM32CubeIDE_1.15.0/STM32CubeIDE/plugins/com.st.stm32cube.ide.mcu.externaltools.gnu-tools-for-stm32.12.3.rel1.win32_1.0.100.202403111256/tools/bin/../lib/gcc/arm-none-eabi/12.3.1/../../../../arm-none-eabi/lib/thumb/v7e-m+dp/hard\libc_nano.a(libc_a-mallocr.o)
 .ARM.attributes
                0x000008f0       0x32 C:/ST/STM32CubeIDE_1.15.0/STM32CubeIDE/plugins/com.st.stm32cube.ide.mcu.externaltools.gnu-tools-for-stm32.12.3.rel1.win32_1.0.100.202403111256/tools/bin/../lib/gcc/arm-none-eabi/12.3.1/../../../../arm-none-eabi/lib/thumb/v7e-m+dp/hard\libc_nano.a(libc_a-mlock.o)
 .ARM.attributes
                0x00000922       0x32 C:/ST/STM32CubeIDE_1.15.0/STM32CubeIDE/plugins/com.st.stm32cube.ide.mcu.externaltools.gnu-tools-for-stm32.12.3.rel1.win32_1.0.100.202403111256/tools/bin/../lib/gcc/arm-none-eabi/12.3.1/../../../../arm-none-eabi/lib/thumb/v7e-m+dp/hard\libc_nano.a(libc_a-nano-svfprintf.o)
 .ARM.attributes
                0x00000954       0x32 C:/ST/STM32CubeIDE_1.15.0/STM32CubeIDE/plugins/com.st.stm32cube.ide.mcu.externaltools.gnu-tools-for-stm32.12.3.rel1.win32_1.0.100.202403111256/tools/bin/../lib/gcc/arm-none-eabi/12.3.1/../../../../arm-none-eabi/lib/thumb/v7e-m+dp/hard\libc_nano.a(libc_a-nano-vfprintf_i.o)
 .ARM.attributes
                0x00000986       0x32 C:/ST/STM32CubeIDE_1.15.0/STM32CubeIDE/plugins/com.st.stm32cube.ide.mcu.externaltools.gnu-tools-for-stm32.12.3.rel1.win32_1.0.100.202403111256/tools/bin/../lib/gcc/arm-none-eabi/12.3.1/../../../../arm-none-eabi/lib/thumb/v7e-m+dp/hard\libc_nano.a(libc_a-memmove.o)
 .ARM.attributes
                0x000009b8       0x32 C:/ST/STM32CubeIDE_1.15.0/STM32CubeIDE/plugins/com.st.stm32cube.ide.mcu.externaltools.gnu-tools-for-stm32.12.3.rel1.win32_1.0.100.202403111256/tools/bin/../lib/gcc/arm-none-eabi/12.3.1/../../../../arm-none-eabi/lib/thumb/v7e-m+dp/hard\libc_nano.a(libc_a-sbrkr.o)
 .ARM.attributes
                0x000009ea       0x1c C:/ST/STM32CubeIDE_1.15.0/STM32CubeIDE/plugins/com.st.stm32cube.ide.mcu.externaltools.gnu-tools-for-stm32.12.3.rel1.win32_1.0.100.202403111256/tools/bin/../lib/gcc/arm-none-eabi/12.3.1/../../../../arm-none-eabi/lib/thumb/v7e-m+dp/hard\libc_nano.a(libc_a-memchr.o)
 .ARM.attributes
                0x00000a06       0x32 C:/ST/STM32CubeIDE_1.15.0/STM32CubeIDE/plugins/com.st.stm32cube.ide.mcu.externaltools.gnu-tools-for-stm32.12.3.rel1.win32_1.0.100.202403111256/tools/bin/../lib/gcc/arm-none-eabi/12.3.1/../../../../arm-none-eabi/lib/thumb/v7e-m+dp/hard\libc_nano.a(libc_a-memcpy-stub.o)
 .ARM.attributes
                0x00000a38       0x32 C:/ST/STM32CubeIDE_1.15.0/STM32CubeIDE/plugins/com.st.stm32cube.ide.mcu.externaltools.gnu-tools-for-stm32.12.3.rel1.win32_1.0.100.202403111256/tools/bin/../lib/gcc/arm-none-eabi/12.3.1/../../../../arm-none-eabi/lib/thumb/v7e-m+dp/hard\libc_nano.a(libc_a-reallocr.o)
 .ARM.attributes
                0x00000a6a       0x32 C:/ST/STM32CubeIDE_1.15.0/STM32CubeIDE/plugins/com.st.stm32cube.ide.mcu.externaltools.gnu-tools-for-stm32.12.3.rel1.win32_1.0.100.202403111256/tools/bin/../lib/gcc/arm-none-eabi/12.3.1/../../../../arm-none-eabi/lib/thumb/v7e-m+dp/hard\libc_nano.a(libc_a-msizer.o)
 .ARM.attributes
                0x00000a9c       0x20 C:/ST/STM32CubeIDE_1.15.0/STM32CubeIDE/plugins/com.st.stm32cube.ide.mcu.externaltools.gnu-tools-for-stm32.12.3.rel1.win32_1.0.100.202403111256/tools/bin/../lib/gcc/arm-none-eabi/12.3.1/thumb/v7e-m+dp/hard\libgcc.a(_aeabi_uldivmod.o)
 .ARM.attributes
                0x00000abc       0x32 C:/ST/STM32CubeIDE_1.15.0/STM32CubeIDE/plugins/com.st.stm32cube.ide.mcu.externaltools.gnu-tools-for-stm32.12.3.rel1.win32_1.0.100.202403111256/tools/bin/../lib/gcc/arm-none-eabi/12.3.1/thumb/v7e-m+dp/hard\libgcc.a(_udivmoddi4.o)
 .ARM.attributes
                0x00000aee       0x20 C:/ST/STM32CubeIDE_1.15.0/STM32CubeIDE/plugins/com.st.stm32cube.ide.mcu.externaltools.gnu-tools-for-stm32.12.3.rel1.win32_1.0.100.202403111256/tools/bin/../lib/gcc/arm-none-eabi/12.3.1/thumb/v7e-m+dp/hard\libgcc.a(_dvmd_tls.o)
 .ARM.attributes
                0x00000b0e       0x20 C:/ST/STM32CubeIDE_1.15.0/STM32CubeIDE/plugins/com.st.stm32cube.ide.mcu.externaltools.gnu-tools-for-stm32.12.3.rel1.win32_1.0.100.202403111256/tools/bin/../lib/gcc/arm-none-eabi/12.3.1/thumb/v7e-m+dp/hard/crtn.o
OUTPUT(Camera2LCD.elf elf32-littlearm)
LOAD linker stubs
LOAD C:/ST/STM32CubeIDE_1.15.0/STM32CubeIDE/plugins/com.st.stm32cube.ide.mcu.externaltools.gnu-tools-for-stm32.12.3.rel1.win32_1.0.100.202403111256/tools/bin/../lib/gcc/arm-none-eabi/12.3.1/../../../../arm-none-eabi/lib/thumb/v7e-m+dp/hard\libc.a
LOAD C:/ST/STM32CubeIDE_1.15.0/STM32CubeIDE/plugins/com.st.stm32cube.ide.mcu.externaltools.gnu-tools-for-stm32.12.3.rel1.win32_1.0.100.202403111256/tools/bin/../lib/gcc/arm-none-eabi/12.3.1/../../../../arm-none-eabi/lib/thumb/v7e-m+dp/hard\libm.a
LOAD C:/ST/STM32CubeIDE_1.15.0/STM32CubeIDE/plugins/com.st.stm32cube.ide.mcu.externaltools.gnu-tools-for-stm32.12.3.rel1.win32_1.0.100.202403111256/tools/bin/../lib/gcc/arm-none-eabi/12.3.1/thumb/v7e-m+dp/hard\libgcc.a

.debug_info     0x00000000    0x275ac
 .debug_info    0x00000000     0x1549 ./Core/Src/OV5640.o
 .debug_info    0x00001549     0x1068 ./Core/Src/dcmi.o
 .debug_info    0x000025b1     0x174b ./Core/Src/eth.o
 .debug_info    0x00003cfc      0x69b ./Core/Src/gpio.o
 .debug_info    0x00004397      0xff2 ./Core/Src/i2c.o
 .debug_info    0x00005389      0x760 ./Core/Src/main.o
 .debug_info    0x00005ae9     0x10c5 ./Core/Src/spi.o
 .debug_info    0x00006bae      0x464 ./Core/Src/stm32h7xx_hal_msp.o
 .debug_info    0x00007012      0x707 ./Core/Src/stm32h7xx_it.o
 .debug_info    0x00007719      0x168 ./Core/Src/sysmem.o
 .debug_info    0x00007881      0xcef ./Core/Src/system_stm32h7xx.o
 .debug_info    0x00008570     0x100e ./Core/Src/tim.o
 .debug_info    0x0000957e     0x10b0 ./Core/Src/usart.o
 .debug_info    0x0000a62e      0xf21 ./Core/Src/usb_otg.o
 .debug_info    0x0000b54f       0x30 ./Core/Startup/startup_stm32h753zitx.o
 .debug_info    0x0000b57f     0x1541 ./Drivers/STM32H7xx_HAL_Driver/Src/stm32h7xx_hal.o
 .debug_info    0x0000cac0     0x10b2 ./Drivers/STM32H7xx_HAL_Driver/Src/stm32h7xx_hal_cortex.o
 .debug_info    0x0000db72      0xc1d ./Drivers/STM32H7xx_HAL_Driver/Src/stm32h7xx_hal_dcmi.o
 .debug_info    0x0000e78f      0xc27 ./Drivers/STM32H7xx_HAL_Driver/Src/stm32h7xx_hal_dma.o
 .debug_info    0x0000f3b6     0x2a30 ./Drivers/STM32H7xx_HAL_Driver/Src/stm32h7xx_hal_eth.o
 .debug_info    0x00011de6      0xc4b ./Drivers/STM32H7xx_HAL_Driver/Src/stm32h7xx_hal_gpio.o
 .debug_info    0x00012a31     0x22a1 ./Drivers/STM32H7xx_HAL_Driver/Src/stm32h7xx_hal_i2c.o
 .debug_info    0x00014cd2      0xd84 ./Drivers/STM32H7xx_HAL_Driver/Src/stm32h7xx_hal_i2c_ex.o
 .debug_info    0x00015a56     0x1561 ./Drivers/STM32H7xx_HAL_Driver/Src/stm32h7xx_hal_pcd.o
 .debug_info    0x00016fb7      0x8b3 ./Drivers/STM32H7xx_HAL_Driver/Src/stm32h7xx_hal_pcd_ex.o
 .debug_info    0x0001786a     0x1008 ./Drivers/STM32H7xx_HAL_Driver/Src/stm32h7xx_hal_pwr_ex.o
 .debug_info    0x00018872      0xe5b ./Drivers/STM32H7xx_HAL_Driver/Src/stm32h7xx_hal_rcc.o
 .debug_info    0x000196cd     0x1216 ./Drivers/STM32H7xx_HAL_Driver/Src/stm32h7xx_hal_rcc_ex.o
 .debug_info    0x0001a8e3     0x1440 ./Drivers/STM32H7xx_HAL_Driver/Src/stm32h7xx_hal_spi.o
 .debug_info    0x0001bd23     0x2bae ./Drivers/STM32H7xx_HAL_Driver/Src/stm32h7xx_hal_tim.o
 .debug_info    0x0001e8d1     0x17eb ./Drivers/STM32H7xx_HAL_Driver/Src/stm32h7xx_hal_tim_ex.o
 .debug_info    0x000200bc     0x4b13 ./Drivers/STM32H7xx_HAL_Driver/Src/stm32h7xx_hal_uart.o
 .debug_info    0x00024bcf      0xfbf ./Drivers/STM32H7xx_HAL_Driver/Src/stm32h7xx_hal_uart_ex.o
 .debug_info    0x00025b8e     0x1a1e ./Drivers/STM32H7xx_HAL_Driver/Src/stm32h7xx_ll_usb.o

.debug_abbrev   0x00000000     0x4b8f
 .debug_abbrev  0x00000000      0x24d ./Core/Src/OV5640.o
 .debug_abbrev  0x0000024d      0x228 ./Core/Src/dcmi.o
 .debug_abbrev  0x00000475      0x24a ./Core/Src/eth.o
 .debug_abbrev  0x000006bf      0x182 ./Core/Src/gpio.o
 .debug_abbrev  0x00000841      0x245 ./Core/Src/i2c.o
 .debug_abbrev  0x00000a86      0x22f ./Core/Src/main.o
 .debug_abbrev  0x00000cb5      0x229 ./Core/Src/spi.o
 .debug_abbrev  0x00000ede       0xdb ./Core/Src/stm32h7xx_hal_msp.o
 .debug_abbrev  0x00000fb9      0x16a ./Core/Src/stm32h7xx_it.o
 .debug_abbrev  0x00001123       0xbc ./Core/Src/sysmem.o
 .debug_abbrev  0x000011df      0x14c ./Core/Src/system_stm32h7xx.o
 .debug_abbrev  0x0000132b      0x249 ./Core/Src/tim.o
 .debug_abbrev  0x00001574      0x241 ./Core/Src/usart.o
 .debug_abbrev  0x000017b5      0x252 ./Core/Src/usb_otg.o
 .debug_abbrev  0x00001a07       0x24 ./Core/Startup/startup_stm32h753zitx.o
 .debug_abbrev  0x00001a2b      0x295 ./Drivers/STM32H7xx_HAL_Driver/Src/stm32h7xx_hal.o
 .debug_abbrev  0x00001cc0      0x339 ./Drivers/STM32H7xx_HAL_Driver/Src/stm32h7xx_hal_cortex.o
 .debug_abbrev  0x00001ff9      0x243 ./Drivers/STM32H7xx_HAL_Driver/Src/stm32h7xx_hal_dcmi.o
 .debug_abbrev  0x0000223c      0x248 ./Drivers/STM32H7xx_HAL_Driver/Src/stm32h7xx_hal_dma.o
 .debug_abbrev  0x00002484      0x347 ./Drivers/STM32H7xx_HAL_Driver/Src/stm32h7xx_hal_eth.o
 .debug_abbrev  0x000027cb      0x1fe ./Drivers/STM32H7xx_HAL_Driver/Src/stm32h7xx_hal_gpio.o
 .debug_abbrev  0x000029c9      0x25d ./Drivers/STM32H7xx_HAL_Driver/Src/stm32h7xx_hal_i2c.o
 .debug_abbrev  0x00002c26      0x1f5 ./Drivers/STM32H7xx_HAL_Driver/Src/stm32h7xx_hal_i2c_ex.o
 .debug_abbrev  0x00002e1b      0x2dc ./Drivers/STM32H7xx_HAL_Driver/Src/stm32h7xx_hal_pcd.o
 .debug_abbrev  0x000030f7      0x256 ./Drivers/STM32H7xx_HAL_Driver/Src/stm32h7xx_hal_pcd_ex.o
 .debug_abbrev  0x0000334d      0x2a7 ./Drivers/STM32H7xx_HAL_Driver/Src/stm32h7xx_hal_pwr_ex.o
 .debug_abbrev  0x000035f4      0x2c8 ./Drivers/STM32H7xx_HAL_Driver/Src/stm32h7xx_hal_rcc.o
 .debug_abbrev  0x000038bc      0x269 ./Drivers/STM32H7xx_HAL_Driver/Src/stm32h7xx_hal_rcc_ex.o
 .debug_abbrev  0x00003b25      0x2b1 ./Drivers/STM32H7xx_HAL_Driver/Src/stm32h7xx_hal_spi.o
 .debug_abbrev  0x00003dd6      0x276 ./Drivers/STM32H7xx_HAL_Driver/Src/stm32h7xx_hal_tim.o
 .debug_abbrev  0x0000404c      0x281 ./Drivers/STM32H7xx_HAL_Driver/Src/stm32h7xx_hal_tim_ex.o
 .debug_abbrev  0x000042cd      0x33d ./Drivers/STM32H7xx_HAL_Driver/Src/stm32h7xx_hal_uart.o
 .debug_abbrev  0x0000460a      0x2d2 ./Drivers/STM32H7xx_HAL_Driver/Src/stm32h7xx_hal_uart_ex.o
 .debug_abbrev  0x000048dc      0x2b3 ./Drivers/STM32H7xx_HAL_Driver/Src/stm32h7xx_ll_usb.o

.debug_aranges  0x00000000     0x1c58
 .debug_aranges
                0x00000000       0x58 ./Core/Src/OV5640.o
 .debug_aranges
                0x00000058       0x30 ./Core/Src/dcmi.o
 .debug_aranges
                0x00000088       0x30 ./Core/Src/eth.o
 .debug_aranges
                0x000000b8       0x20 ./Core/Src/gpio.o
 .debug_aranges
                0x000000d8       0x30 ./Core/Src/i2c.o
 .debug_aranges
                0x00000108       0x30 ./Core/Src/main.o
 .debug_aranges
                0x00000138       0x30 ./Core/Src/spi.o
 .debug_aranges
                0x00000168       0x20 ./Core/Src/stm32h7xx_hal_msp.o
 .debug_aranges
                0x00000188       0x68 ./Core/Src/stm32h7xx_it.o
 .debug_aranges
                0x000001f0       0x20 ./Core/Src/sysmem.o
 .debug_aranges
                0x00000210       0x28 ./Core/Src/system_stm32h7xx.o
 .debug_aranges
                0x00000238       0x40 ./Core/Src/tim.o
 .debug_aranges
                0x00000278       0x30 ./Core/Src/usart.o
 .debug_aranges
                0x000002a8       0x30 ./Core/Src/usb_otg.o
 .debug_aranges
                0x000002d8       0x28 ./Core/Startup/startup_stm32h753zitx.o
 .debug_aranges
                0x00000300      0x198 ./Drivers/STM32H7xx_HAL_Driver/Src/stm32h7xx_hal.o
 .debug_aranges
                0x00000498      0x130 ./Drivers/STM32H7xx_HAL_Driver/Src/stm32h7xx_hal_cortex.o
 .debug_aranges
                0x000005c8       0xc0 ./Drivers/STM32H7xx_HAL_Driver/Src/stm32h7xx_hal_dcmi.o
 .debug_aranges
                0x00000688       0xa0 ./Drivers/STM32H7xx_HAL_Driver/Src/stm32h7xx_hal_dma.o
 .debug_aranges
                0x00000728      0x1d8 ./Drivers/STM32H7xx_HAL_Driver/Src/stm32h7xx_hal_eth.o
 .debug_aranges
                0x00000900       0x58 ./Drivers/STM32H7xx_HAL_Driver/Src/stm32h7xx_hal_gpio.o
 .debug_aranges
                0x00000958      0x2a0 ./Drivers/STM32H7xx_HAL_Driver/Src/stm32h7xx_hal_i2c.o
 .debug_aranges
                0x00000bf8       0x48 ./Drivers/STM32H7xx_HAL_Driver/Src/stm32h7xx_hal_i2c_ex.o
 .debug_aranges
                0x00000c40      0x140 ./Drivers/STM32H7xx_HAL_Driver/Src/stm32h7xx_hal_pcd.o
 .debug_aranges
                0x00000d80       0x60 ./Drivers/STM32H7xx_HAL_Driver/Src/stm32h7xx_hal_pcd_ex.o
 .debug_aranges
                0x00000de0      0x158 ./Drivers/STM32H7xx_HAL_Driver/Src/stm32h7xx_hal_pwr_ex.o
 .debug_aranges
                0x00000f38       0x88 ./Drivers/STM32H7xx_HAL_Driver/Src/stm32h7xx_hal_rcc.o
 .debug_aranges
                0x00000fc0       0xf8 ./Drivers/STM32H7xx_HAL_Driver/Src/stm32h7xx_hal_rcc_ex.o
 .debug_aranges
                0x000010b8      0x1a8 ./Drivers/STM32H7xx_HAL_Driver/Src/stm32h7xx_hal_spi.o
 .debug_aranges
                0x00001260      0x3e0 ./Drivers/STM32H7xx_HAL_Driver/Src/stm32h7xx_hal_tim.o
 .debug_aranges
                0x00001640      0x188 ./Drivers/STM32H7xx_HAL_Driver/Src/stm32h7xx_hal_tim_ex.o
 .debug_aranges
                0x000017c8      0x248 ./Drivers/STM32H7xx_HAL_Driver/Src/stm32h7xx_hal_uart.o
 .debug_aranges
                0x00001a10       0xa8 ./Drivers/STM32H7xx_HAL_Driver/Src/stm32h7xx_hal_uart_ex.o
 .debug_aranges
                0x00001ab8      0x1a0 ./Drivers/STM32H7xx_HAL_Driver/Src/stm32h7xx_ll_usb.o

.debug_rnglists
                0x00000000     0x1615
 .debug_rnglists
                0x00000000       0x41 ./Core/Src/OV5640.o
 .debug_rnglists
                0x00000041       0x20 ./Core/Src/dcmi.o
 .debug_rnglists
                0x00000061       0x22 ./Core/Src/eth.o
 .debug_rnglists
                0x00000083       0x14 ./Core/Src/gpio.o
 .debug_rnglists
                0x00000097       0x21 ./Core/Src/i2c.o
 .debug_rnglists
                0x000000b8       0x20 ./Core/Src/main.o
 .debug_rnglists
                0x000000d8       0x21 ./Core/Src/spi.o
 .debug_rnglists
                0x000000f9       0x13 ./Core/Src/stm32h7xx_hal_msp.o
 .debug_rnglists
                0x0000010c       0x49 ./Core/Src/stm32h7xx_it.o
 .debug_rnglists
                0x00000155       0x13 ./Core/Src/sysmem.o
 .debug_rnglists
                0x00000168       0x1b ./Core/Src/system_stm32h7xx.o
 .debug_rnglists
                0x00000183       0x2d ./Core/Src/tim.o
 .debug_rnglists
                0x000001b0       0x21 ./Core/Src/usart.o
 .debug_rnglists
                0x000001d1       0x20 ./Core/Src/usb_otg.o
 .debug_rnglists
                0x000001f1       0x19 ./Core/Startup/startup_stm32h753zitx.o
 .debug_rnglists
                0x0000020a      0x131 ./Drivers/STM32H7xx_HAL_Driver/Src/stm32h7xx_hal.o
 .debug_rnglists
                0x0000033b       0xe0 ./Drivers/STM32H7xx_HAL_Driver/Src/stm32h7xx_hal_cortex.o
 .debug_rnglists
                0x0000041b       0x91 ./Drivers/STM32H7xx_HAL_Driver/Src/stm32h7xx_hal_dcmi.o
 .debug_rnglists
                0x000004ac       0x82 ./Drivers/STM32H7xx_HAL_Driver/Src/stm32h7xx_hal_dma.o
 .debug_rnglists
                0x0000052e      0x176 ./Drivers/STM32H7xx_HAL_Driver/Src/stm32h7xx_hal_eth.o
 .debug_rnglists
                0x000006a4       0x3f ./Drivers/STM32H7xx_HAL_Driver/Src/stm32h7xx_hal_gpio.o
 .debug_rnglists
                0x000006e3      0x22a ./Drivers/STM32H7xx_HAL_Driver/Src/stm32h7xx_hal_i2c.o
 .debug_rnglists
                0x0000090d       0x35 ./Drivers/STM32H7xx_HAL_Driver/Src/stm32h7xx_hal_i2c_ex.o
 .debug_rnglists
                0x00000942       0xf4 ./Drivers/STM32H7xx_HAL_Driver/Src/stm32h7xx_hal_pcd.o
 .debug_rnglists
                0x00000a36       0x45 ./Drivers/STM32H7xx_HAL_Driver/Src/stm32h7xx_hal_pcd_ex.o
 .debug_rnglists
                0x00000a7b      0x103 ./Drivers/STM32H7xx_HAL_Driver/Src/stm32h7xx_hal_pwr_ex.o
 .debug_rnglists
                0x00000b7e       0x68 ./Drivers/STM32H7xx_HAL_Driver/Src/stm32h7xx_hal_rcc.o
 .debug_rnglists
                0x00000be6       0xc0 ./Drivers/STM32H7xx_HAL_Driver/Src/stm32h7xx_hal_rcc_ex.o
 .debug_rnglists
                0x00000ca6      0x148 ./Drivers/STM32H7xx_HAL_Driver/Src/stm32h7xx_hal_spi.o
 .debug_rnglists
                0x00000dee      0x328 ./Drivers/STM32H7xx_HAL_Driver/Src/stm32h7xx_hal_tim.o
 .debug_rnglists
                0x00001116      0x13f ./Drivers/STM32H7xx_HAL_Driver/Src/stm32h7xx_hal_tim_ex.o
 .debug_rnglists
                0x00001255      0x1fa ./Drivers/STM32H7xx_HAL_Driver/Src/stm32h7xx_hal_uart.o
 .debug_rnglists
                0x0000144f       0x7f ./Drivers/STM32H7xx_HAL_Driver/Src/stm32h7xx_hal_uart_ex.o
 .debug_rnglists
                0x000014ce      0x147 ./Drivers/STM32H7xx_HAL_Driver/Src/stm32h7xx_ll_usb.o

.debug_macro    0x00000000    0x3cb6e
 .debug_macro   0x00000000      0x395 ./Core/Src/OV5640.o
 .debug_macro   0x00000395      0xacc ./Core/Src/OV5640.o
 .debug_macro   0x00000e61      0x250 ./Core/Src/OV5640.o
 .debug_macro   0x000010b1       0x2e ./Core/Src/OV5640.o
 .debug_macro   0x000010df       0x3b ./Core/Src/OV5640.o
 .debug_macro   0x0000111a       0x22 ./Core/Src/OV5640.o
 .debug_macro   0x0000113c       0x8e ./Core/Src/OV5640.o
 .debug_macro   0x000011ca       0x51 ./Core/Src/OV5640.o
 .debug_macro   0x0000121b      0x103 ./Core/Src/OV5640.o
 .debug_macro   0x0000131e       0x6a ./Core/Src/OV5640.o
 .debug_macro   0x00001388      0x1df ./Core/Src/OV5640.o
 .debug_macro   0x00001567       0x1c ./Core/Src/OV5640.o
 .debug_macro   0x00001583       0x22 ./Core/Src/OV5640.o
 .debug_macro   0x000015a5       0xfb ./Core/Src/OV5640.o
 .debug_macro   0x000016a0     0x1305 ./Core/Src/OV5640.o
 .debug_macro   0x000029a5      0x11f ./Core/Src/OV5640.o
 .debug_macro   0x00002ac4       0x27 ./Core/Src/OV5640.o
 .debug_macro   0x00002aeb    0x25f24 ./Core/Src/OV5640.o
 .debug_macro   0x00028a0f       0x6d ./Core/Src/OV5640.o
 .debug_macro   0x00028a7c     0x3d79 ./Core/Src/OV5640.o
 .debug_macro   0x0002c7f5      0x189 ./Core/Src/OV5640.o
 .debug_macro   0x0002c97e       0x61 ./Core/Src/OV5640.o
 .debug_macro   0x0002c9df       0x29 ./Core/Src/OV5640.o
 .debug_macro   0x0002ca08       0x43 ./Core/Src/OV5640.o
 .debug_macro   0x0002ca4b       0x34 ./Core/Src/OV5640.o
 .debug_macro   0x0002ca7f       0x16 ./Core/Src/OV5640.o
 .debug_macro   0x0002ca95       0x43 ./Core/Src/OV5640.o
 .debug_macro   0x0002cad8       0x34 ./Core/Src/OV5640.o
 .debug_macro   0x0002cb0c       0x10 ./Core/Src/OV5640.o
 .debug_macro   0x0002cb1c       0x58 ./Core/Src/OV5640.o
 .debug_macro   0x0002cb74       0x8e ./Core/Src/OV5640.o
 .debug_macro   0x0002cc02       0x1c ./Core/Src/OV5640.o
 .debug_macro   0x0002cc1e      0x177 ./Core/Src/OV5640.o
 .debug_macro   0x0002cd95      0x369 ./Core/Src/OV5640.o
 .debug_macro   0x0002d0fe      0x19b ./Core/Src/OV5640.o
 .debug_macro   0x0002d299       0x5d ./Core/Src/OV5640.o
 .debug_macro   0x0002d2f6     0x240e ./Core/Src/OV5640.o
 .debug_macro   0x0002f704     0x102c ./Core/Src/OV5640.o
 .debug_macro   0x00030730      0x154 ./Core/Src/OV5640.o
 .debug_macro   0x00030884      0x114 ./Core/Src/OV5640.o
 .debug_macro   0x00030998      0x3b6 ./Core/Src/OV5640.o
 .debug_macro   0x00030d4e       0xac ./Core/Src/OV5640.o
 .debug_macro   0x00030dfa      0x72d ./Core/Src/OV5640.o
 .debug_macro   0x00031527      0x228 ./Core/Src/OV5640.o
 .debug_macro   0x0003174f       0x66 ./Core/Src/OV5640.o
 .debug_macro   0x000317b5      0x3bb ./Core/Src/OV5640.o
 .debug_macro   0x00031b70      0x22c ./Core/Src/OV5640.o
 .debug_macro   0x00031d9c      0xa80 ./Core/Src/OV5640.o
 .debug_macro   0x0003281c      0x129 ./Core/Src/OV5640.o
 .debug_macro   0x00032945      0x3e4 ./Core/Src/OV5640.o
 .debug_macro   0x00032d29      0x275 ./Core/Src/OV5640.o
 .debug_macro   0x00032f9e      0x3ca ./Core/Src/OV5640.o
 .debug_macro   0x00033368      0x408 ./Core/Src/OV5640.o
 .debug_macro   0x00033770       0x51 ./Core/Src/OV5640.o
 .debug_macro   0x000337c1       0x4a ./Core/Src/OV5640.o
 .debug_macro   0x0003380b      0x22c ./Core/Src/OV5640.o
 .debug_macro   0x00033a37       0x67 ./Core/Src/OV5640.o
 .debug_macro   0x00033a9e       0xa5 ./Core/Src/OV5640.o
 .debug_macro   0x00033b43      0x1c4 ./Core/Src/OV5640.o
 .debug_macro   0x00033d07      0x25e ./Core/Src/OV5640.o
 .debug_macro   0x00033f65       0x35 ./Core/Src/OV5640.o
 .debug_macro   0x00033f9a      0x5e4 ./Core/Src/OV5640.o
 .debug_macro   0x0003457e       0xc1 ./Core/Src/OV5640.o
 .debug_macro   0x0003463f      0xafa ./Core/Src/OV5640.o
 .debug_macro   0x00035139      0x29f ./Core/Src/OV5640.o
 .debug_macro   0x000353d8      0x693 ./Core/Src/OV5640.o
 .debug_macro   0x00035a6b       0xa6 ./Core/Src/OV5640.o
 .debug_macro   0x00035b11      0x293 ./Core/Src/OV5640.o
 .debug_macro   0x00035da4       0x90 ./Core/Src/OV5640.o
 .debug_macro   0x00035e34      0x5a0 ./Core/Src/OV5640.o
 .debug_macro   0x000363d4       0x94 ./Core/Src/OV5640.o
 .debug_macro   0x00036468       0x16 ./Core/Src/OV5640.o
 .debug_macro   0x0003647e       0x35 ./Core/Src/OV5640.o
 .debug_macro   0x000364b3       0x20 ./Core/Src/OV5640.o
 .debug_macro   0x000364d3       0x3a ./Core/Src/OV5640.o
 .debug_macro   0x0003650d      0x34c ./Core/Src/dcmi.o
 .debug_macro   0x00036859      0x34c ./Core/Src/eth.o
 .debug_macro   0x00036ba5      0x31c ./Core/Src/gpio.o
 .debug_macro   0x00036ec1      0x34c ./Core/Src/i2c.o
 .debug_macro   0x0003720d      0x39f ./Core/Src/main.o
 .debug_macro   0x000375ac       0x3a ./Core/Src/main.o
 .debug_macro   0x000375e6      0x34c ./Core/Src/spi.o
 .debug_macro   0x00037932      0x312 ./Core/Src/stm32h7xx_hal_msp.o
 .debug_macro   0x00037c44      0x31c ./Core/Src/stm32h7xx_it.o
 .debug_macro   0x00037f60       0xff ./Core/Src/sysmem.o
 .debug_macro   0x0003805f      0x23c ./Core/Src/sysmem.o
 .debug_macro   0x0003829b      0x303 ./Core/Src/system_stm32h7xx.o
 .debug_macro   0x0003859e      0x34c ./Core/Src/tim.o
 .debug_macro   0x000388ea      0x34c ./Core/Src/usart.o
 .debug_macro   0x00038c36      0x34c ./Core/Src/usb_otg.o
 .debug_macro   0x00038f82      0x32d ./Drivers/STM32H7xx_HAL_Driver/Src/stm32h7xx_hal.o
 .debug_macro   0x000392af      0x303 ./Drivers/STM32H7xx_HAL_Driver/Src/stm32h7xx_hal_cortex.o
 .debug_macro   0x000395b2      0x30a ./Drivers/STM32H7xx_HAL_Driver/Src/stm32h7xx_hal_dcmi.o
 .debug_macro   0x000398bc      0x357 ./Drivers/STM32H7xx_HAL_Driver/Src/stm32h7xx_hal_dma.o
 .debug_macro   0x00039c13      0x397 ./Drivers/STM32H7xx_HAL_Driver/Src/stm32h7xx_hal_eth.o
 .debug_macro   0x00039faa      0x30a ./Drivers/STM32H7xx_HAL_Driver/Src/stm32h7xx_hal_gpio.o
 .debug_macro   0x0003a2b4      0x3cf ./Drivers/STM32H7xx_HAL_Driver/Src/stm32h7xx_hal_i2c.o
 .debug_macro   0x0003a683      0x303 ./Drivers/STM32H7xx_HAL_Driver/Src/stm32h7xx_hal_i2c_ex.o
 .debug_macro   0x0003a986      0x30f ./Drivers/STM32H7xx_HAL_Driver/Src/stm32h7xx_hal_pcd.o
 .debug_macro   0x0003ac95      0x303 ./Drivers/STM32H7xx_HAL_Driver/Src/stm32h7xx_hal_pcd_ex.o
 .debug_macro   0x0003af98      0x33c ./Drivers/STM32H7xx_HAL_Driver/Src/stm32h7xx_hal_pwr_ex.o
 .debug_macro   0x0003b2d4      0x327 ./Drivers/STM32H7xx_HAL_Driver/Src/stm32h7xx_hal_rcc.o
 .debug_macro   0x0003b5fb      0x321 ./Drivers/STM32H7xx_HAL_Driver/Src/stm32h7xx_hal_rcc_ex.o
 .debug_macro   0x0003b91c      0x30b ./Drivers/STM32H7xx_HAL_Driver/Src/stm32h7xx_hal_spi.o
 .debug_macro   0x0003bc27      0x304 ./Drivers/STM32H7xx_HAL_Driver/Src/stm32h7xx_hal_tim.o
 .debug_macro   0x0003bf2b      0x303 ./Drivers/STM32H7xx_HAL_Driver/Src/stm32h7xx_hal_tim_ex.o
 .debug_macro   0x0003c22e      0x32e ./Drivers/STM32H7xx_HAL_Driver/Src/stm32h7xx_hal_uart.o
 .debug_macro   0x0003c55c      0x30f ./Drivers/STM32H7xx_HAL_Driver/Src/stm32h7xx_hal_uart_ex.o
 .debug_macro   0x0003c86b      0x303 ./Drivers/STM32H7xx_HAL_Driver/Src/stm32h7xx_ll_usb.o

.debug_line     0x00000000    0x2bae0
 .debug_line    0x00000000      0xbbc ./Core/Src/OV5640.o
 .debug_line    0x00000bbc      0xa96 ./Core/Src/dcmi.o
 .debug_line    0x00001652      0xa86 ./Core/Src/eth.o
 .debug_line    0x000020d8      0xa14 ./Core/Src/gpio.o
 .debug_line    0x00002aec      0xa78 ./Core/Src/i2c.o
 .debug_line    0x00003564      0xadb ./Core/Src/main.o