../Core/Src/main.c:67:6:ILI9341_SendCommand	16	static
../Core/Src/main.c:75:6:ILI9341_SendData	16	static
../Core/Src/main.c:82:6:LCDBlink_Test	8	static
../Core/Src/main.c:95:6:ILI9341_Init	48	static
../Core/Src/main.c:126:6:ILI9341_FillScreen	40	static
../Core/Src/main.c:154:6:ILI9341_Init_Complete	120	static
../Core/Src/main.c:259:6:ILI9341_TestDisplay	8	static
../Core/Src/main.c:271:6:TestSPIBasic	64	static
../Core/Src/main.c:286:6:TestGPIOPins	48	static
../Core/Src/main.c:316:5:main	56	static
../Core/Src/main.c:392:6:SystemClock_Config	120	static
../Core/Src/main.c:457:6:Error_Handler	4	static,ignoring_inline_asm
